** Drc report for ph-verzion-01.kicad_pcb **
** Created on 2026-06-11T18:15:09 **
** Report includes: Errors **

** Found 0 DRC violations **

** Found 250 unconnected pads **
[unconnected_items]: Missing connection between items
    Local override; error
    @(118.0000 mm, 90.0000 mm): Plôška 1 [Net-(D3-K)] z D3 na F.Cu
    @(109.0000 mm, 92.5000 mm): Plôška 2 [Net-(D3-K)] z Q1 na F.Cu
[unconnected_items]: Missing connection between items
    Local override; error
    @(128.5000 mm, 87.5000 mm): PTH plôška 2 [Net-(D3-K)] z J13
    @(118.0000 mm, 90.0000 mm): Plôška 1 [Net-(D3-K)] z D3 na F.Cu
[unconnected_items]: Missing connection between items
    Local override; error
    @(45.0589 mm, 104.5000 mm): PTH plôška A1 [+12V] z RLY1
    @(64.5000 mm, 105.5000 mm): Plôška 2 [+12V] z D4 na F.Cu
[unconnected_items]: Missing connection between items
    Local override; error
    @(65.0412 mm, 100.0000 mm): Plôška 1 [+12V] z R29 na F.Cu
    @(64.5000 mm, 105.5000 mm): Plôška 2 [+12V] z D4 na F.Cu
[unconnected_items]: Missing connection between items
    Local override; error
    @(65.0412 mm, 100.0000 mm): Plôška 1 [+12V] z R29 na F.Cu
    @(71.8042 mm, 89.1356 mm): PTH plôška 1 [+12V] z C2
[unconnected_items]: Missing connection between items
    Local override; error
    @(71.3750 mm, 78.5750 mm): Plôška 1 [+12V] z U2 na F.Cu
    @(71.8042 mm, 89.1356 mm): PTH plôška 1 [+12V] z C2
[unconnected_items]: Missing connection between items
    Local override; error
    @(71.3750 mm, 78.5750 mm): Plôška 1 [+12V] z U2 na F.Cu
    @(87.2750 mm, 67.6850 mm): Plôška 1 [+12V] z U4 na F.Cu
[unconnected_items]: Missing connection between items
    Local override; error
    @(83.0914 mm, 30.3650 mm): PTH plôška 3 [+12V] z U1
    @(91.5875 mm, 36.0000 mm): Plôška 1 [+12V] z R1 na F.Cu
[unconnected_items]: Missing connection between items
    Local override; error
    @(87.2750 mm, 67.6850 mm): Plôška 1 [+12V] z U4 na F.Cu
    @(94.0000 mm, 58.6824 mm): PTH plôška 1 [+12V] z C7
[unconnected_items]: Missing connection between items
    Local override; error
    @(91.5875 mm, 36.0000 mm): Plôška 1 [+12V] z R1 na F.Cu
    @(91.6389 mm, 41.5000 mm): Plôška 1 [+12V] z C1 na F.Cu
[unconnected_items]: Missing connection between items
    Local override; error
    @(91.5875 mm, 36.0000 mm): Plôška 1 [+12V] z R1 na F.Cu
    @(105.5800 mm, 33.0000 mm): PTH plôška 1 [+12V] z J12
[unconnected_items]: Missing connection between items
    Local override; error
    @(91.6389 mm, 41.5000 mm): Plôška 1 [+12V] z C1 na F.Cu
    @(101.5500 mm, 55.5000 mm): Plôška 1 [+12V] z C6 na F.Cu
[unconnected_items]: Missing connection between items
    Local override; error
    @(101.5500 mm, 55.5000 mm): Plôška 1 [+12V] z C6 na F.Cu
    @(94.0000 mm, 58.6824 mm): PTH plôška 1 [+12V] z C7
[unconnected_items]: Missing connection between items
    Local override; error
    @(101.5500 mm, 55.5000 mm): Plôška 1 [+12V] z C6 na F.Cu
    @(118.0000 mm, 68.3017 mm): Plôška 2 [+12V] z D6 na F.Cu
[unconnected_items]: Missing connection between items
    Local override; error
    @(111.7200 mm, 155.4600 mm): PTH plôška 17 [+12V] z J7
    @(118.0000 mm, 94.0000 mm): Plôška 2 [+12V] z D3 na F.Cu
[unconnected_items]: Missing connection between items
    Local override; error
    @(118.0000 mm, 68.3017 mm): Plôška 2 [+12V] z D6 na F.Cu
    @(128.5000 mm, 66.7767 mm): PTH plôška 1 [+12V] z J10
[unconnected_items]: Missing connection between items
    Local override; error
    @(118.0000 mm, 68.3017 mm): Plôška 2 [+12V] z D6 na F.Cu
    @(118.0000 mm, 81.0000 mm): Plôška 2 [+12V] z D5 na F.Cu
[unconnected_items]: Missing connection between items
    Local override; error
    @(118.0000 mm, 94.0000 mm): Plôška 2 [+12V] z D3 na F.Cu
    @(128.5000 mm, 92.5800 mm): PTH plôška 1 [+12V] z J13
[unconnected_items]: Missing connection between items
    Local override; error
    @(118.0000 mm, 94.0000 mm): Plôška 2 [+12V] z D3 na F.Cu
    @(118.0000 mm, 81.0000 mm): Plôška 2 [+12V] z D5 na F.Cu
[unconnected_items]: Missing connection between items
    Local override; error
    @(128.5000 mm, 79.5450 mm): PTH plôška 1 [+12V] z J9
    @(118.0000 mm, 81.0000 mm): Plôška 2 [+12V] z D5 na F.Cu
[unconnected_items]: Missing connection between items
    Local override; error
    @(47.0000 mm, 73.3000 mm): Plôška 1 [GND] z D2 na F.Cu
    @(64.3473 mm, 82.5000 mm): PTH plôška 2 [GND] z C3
[unconnected_items]: Missing connection between items
    Local override; error
    @(50.4489 mm, 133.0000 mm): Plôška 38 [GND] z U11 na F.Cu
    @(54.1776 mm, 125.5000 mm): Plôška 2 [GND] z C26 na F.Cu
[unconnected_items]: Missing connection between items
    Local override; error
    @(50.4489 mm, 150.5000 mm): Plôška 1 [GND] z U11 na F.Cu
    @(52.0500 mm, 155.0000 mm): Plôška 2 [GND] z C28 na F.Cu
[unconnected_items]: Missing connection between items
    Local override; error
    @(53.6789 mm, 163.0000 mm): PTH plôška 3 [GND] z J4
    @(52.0500 mm, 155.0000 mm): Plôška 2 [GND] z C28 na F.Cu
[unconnected_items]: Missing connection between items
    Local override; error
    @(56.7689 mm, 141.8500 mm): Plôška 39 [GND] z U11 na F.Cu
    @(50.4489 mm, 133.0000 mm): Plôška 38 [GND] z U11 na F.Cu
[unconnected_items]: Missing connection between items
    Local override; error
    @(56.7689 mm, 144.6500 mm): Plôška 39 [GND] z U11 na F.Cu
    @(50.4489 mm, 150.5000 mm): Plôška 1 [GND] z U11 na F.Cu
[unconnected_items]: Missing connection between items
    Local override; error
    @(59.5689 mm, 144.6500 mm): Plôška 39 [GND] z U11 na F.Cu
    @(68.2089 mm, 147.4650 mm): Plôška 15 [GND] z U11 na F.Cu
[unconnected_items]: Missing connection between items
    Local override; error
    @(60.2500 mm, 94.2700 mm): Plôška 2 [GND] z U12 na F.Cu
    @(65.7500 mm, 94.2700 mm): Plôška 3 [GND] z U12 na F.Cu
[unconnected_items]: Missing connection between items
    Local override; error
    @(64.3473 mm, 82.5000 mm): PTH plôška 2 [GND] z C3
    @(74.7750 mm, 78.5750 mm): Plôška 3 [GND] z U2 na F.Cu
[unconnected_items]: Missing connection between items
    Local override; error
    @(64.3473 mm, 82.5000 mm): PTH plôška 2 [GND] z C3
    @(65.7500 mm, 94.2700 mm): Plôška 3 [GND] z U12 na F.Cu
[unconnected_items]: Missing connection between items
    Local override; error
    @(67.0800 mm, 155.0000 mm): PTH plôška 4 [GND] z J8
    @(65.2689 mm, 163.0000 mm): PTH plôška 3 [GND] z J5
[unconnected_items]: Missing connection between items
    Local override; error
    @(68.2089 mm, 147.4650 mm): Plôška 15 [GND] z U11 na F.Cu
    @(67.0800 mm, 155.0000 mm): PTH plôška 4 [GND] z J8
[unconnected_items]: Missing connection between items
    Local override; error
    @(74.7750 mm, 69.4250 mm): Plôška 3 [GND] z U2 na F.Cu
    @(74.7750 mm, 78.5750 mm): Plôška 3 [GND] z U2 na F.Cu
[unconnected_items]: Missing connection between items
    Local override; error
    @(74.7750 mm, 78.5750 mm): Plôška 3 [GND] z U2 na F.Cu
    @(78.1750 mm, 78.5750 mm): Plôška 5 [GND] z U2 na F.Cu
[unconnected_items]: Missing connection between items
    Local override; error
    @(75.9125 mm, 113.0000 mm): Plôška 2 [GND] z R25 na F.Cu
    @(79.3625 mm, 120.0000 mm): Plôška 2 [GND] z U5 na F.Cu
[unconnected_items]: Missing connection between items
    Local override; error
    @(75.9125 mm, 113.0000 mm): Plôška 2 [GND] z R25 na F.Cu
    @(79.7343 mm, 101.5947 mm): Plôška 3 [GND] z Q2 na F.Cu
[unconnected_items]: Missing connection between items
    Local override; error
    @(76.8042 mm, 89.1356 mm): PTH plôška 2 [GND] z C2
    @(86.5000 mm, 89.5000 mm): PTH plôška 2 [GND] z C10
[unconnected_items]: Missing connection between items
    Local override; error
    @(77.6639 mm, 155.0000 mm): Plôška 2 [GND] z C5 na F.Cu
    @(76.8689 mm, 163.0000 mm): PTH plôška 3 [GND] z J6
[unconnected_items]: Missing connection between items
    Local override; error
    @(77.6639 mm, 155.0000 mm): Plôška 2 [GND] z C5 na F.Cu
    @(67.0800 mm, 155.0000 mm): PTH plôška 4 [GND] z J8
[unconnected_items]: Missing connection between items
    Local override; error
    @(78.1750 mm, 78.5750 mm): Plôška 5 [GND] z U2 na F.Cu
    @(86.5000 mm, 83.8176 mm): PTH plôška 2 [GND] z C9
[unconnected_items]: Missing connection between items
    Local override; error
    @(79.3625 mm, 120.0000 mm): Plôška 2 [GND] z U5 na F.Cu
    @(88.0000 mm, 119.5000 mm): Plôška 2 [GND] z C12 na F.Cu
[unconnected_items]: Missing connection between items
    Local override; error
    @(79.3625 mm, 120.0000 mm): Plôška 2 [GND] z U5 na F.Cu
    @(69.4500 mm, 125.5000 mm): Plôška 2 [GND] z C27 na F.Cu
[unconnected_items]: Missing connection between items
    Local override; error
    @(79.7343 mm, 101.5947 mm): Plôška 3 [GND] z Q2 na F.Cu
    @(76.8042 mm, 89.1356 mm): PTH plôška 2 [GND] z C2
[unconnected_items]: Missing connection between items
    Local override; error
    @(80.1889 mm, 149.0000 mm): Plôška 2 [GND] z C4 na F.Cu
    @(85.5000 mm, 149.7000 mm): Plôška 1 [GND] z U3 na F.Cu
[unconnected_items]: Missing connection between items
    Local override; error
    @(80.1889 mm, 149.0000 mm): Plôška 2 [GND] z C4 na F.Cu
    @(77.6639 mm, 155.0000 mm): Plôška 2 [GND] z C5 na F.Cu
[unconnected_items]: Missing connection between items
    Local override; error
    @(85.5000 mm, 149.7000 mm): Plôška 1 [GND] z U3 na F.Cu
    @(86.0000 mm, 139.6000 mm): Plôška 1 [GND] z U10 na F.Cu
[unconnected_items]: Missing connection between items
    Local override; error
    @(86.5000 mm, 89.5000 mm): PTH plôška 2 [GND] z C10
    @(86.5000 mm, 83.8176 mm): PTH plôška 2 [GND] z C9
[unconnected_items]: Missing connection between items
    Local override; error
    @(87.0000 mm, 139.6000 mm): Plôška 3 [GND] z U10 na F.Cu
    @(86.0000 mm, 139.6000 mm): Plôška 1 [GND] z U10 na F.Cu
[unconnected_items]: Missing connection between items
    Local override; error
    @(87.0000 mm, 139.6000 mm): Plôška 3 [GND] z U10 na F.Cu
    @(87.5000 mm, 135.4000 mm): Plôška 7 [GND] z U10 na F.Cu
[unconnected_items]: Missing connection between items
    Local override; error
    @(87.5000 mm, 135.4000 mm): Plôška 7 [GND] z U10 na F.Cu
    @(87.9500 mm, 130.5000 mm): Plôška 2 [GND] z C25 na F.Cu
[unconnected_items]: Missing connection between items
    Local override; error
    @(87.9500 mm, 130.5000 mm): Plôška 2 [GND] z C25 na F.Cu
    @(96.9500 mm, 133.5000 mm): Plôška 2 [GND] z C16 na F.Cu
[unconnected_items]: Missing connection between items
    Local override; error
    @(87.9500 mm, 130.5000 mm): Plôška 2 [GND] z C25 na F.Cu
    @(88.0000 mm, 119.5000 mm): Plôška 2 [GND] z C12 na F.Cu
[unconnected_items]: Missing connection between items
    Local override; error
    @(88.4689 mm, 163.0250 mm): PTH plôška 3 [GND] z J3
    @(76.8689 mm, 163.0000 mm): PTH plôška 3 [GND] z J6
[unconnected_items]: Missing connection between items
    Local override; error
    @(93.5389 mm, 41.5000 mm): Plôška 2 [GND] z C1 na F.Cu
    @(100.5000 mm, 33.0000 mm): PTH plôška 2 [GND] z J12
[unconnected_items]: Missing connection between items
    Local override; error
    @(93.5389 mm, 41.5000 mm): Plôška 2 [GND] z C1 na F.Cu
    @(83.0914 mm, 37.9850 mm): PTH plôška 6 [GND] z U1
[unconnected_items]: Missing connection between items
    Local override; error
    @(93.5389 mm, 41.5000 mm): Plôška 2 [GND] z C1 na F.Cu
    @(94.0000 mm, 56.1824 mm): PTH plôška 2 [GND] z C7
[unconnected_items]: Missing connection between items
    Local override; error
    @(95.9500 mm, 82.6122 mm): Plôška 2 [GND] z C8 na F.Cu
    @(86.5000 mm, 83.8176 mm): PTH plôška 2 [GND] z C9
[unconnected_items]: Missing connection between items
    Local override; error
    @(95.9500 mm, 82.6122 mm): Plôška 2 [GND] z C8 na F.Cu
    @(106.7200 mm, 86.2000 mm): Plôška 3 [GND] z Q1 na F.Cu
[unconnected_items]: Missing connection between items
    Local override; error
    @(96.4250 mm, 70.2250 mm): Plôška 2 [GND] z U4 na F.Cu
    @(95.9500 mm, 82.6122 mm): Plôška 2 [GND] z C8 na F.Cu
[unconnected_items]: Missing connection between items
    Local override; error
    @(96.9500 mm, 106.5000 mm): Plôška 2 [GND] z C22 na F.Cu
    @(101.9500 mm, 106.5000 mm): Plôška 2 [GND] z C19 na F.Cu
[unconnected_items]: Missing connection between items
    Local override; error
    @(96.9500 mm, 133.5000 mm): Plôška 2 [GND] z C16 na F.Cu
    @(100.1000 mm, 133.5000 mm): Plôška 2 [GND] z C13 na F.Cu
[unconnected_items]: Missing connection between items
    Local override; error
    @(100.1000 mm, 133.5000 mm): Plôška 2 [GND] z C13 na F.Cu
    @(102.0000 mm, 144.0000 mm): Plôška 2 [GND] z R5 na F.Cu
[unconnected_items]: Missing connection between items
    Local override; error
    @(100.5000 mm, 33.0000 mm): PTH plôška 2 [GND] z J12
    @(93.4375 mm, 30.0000 mm): Plôška 2 [GND] z D1 na F.Cu
[unconnected_items]: Missing connection between items
    Local override; error
    @(101.9125 mm, 116.5000 mm): Plôška 2 [GND] z R12 na F.Cu
    @(101.9500 mm, 106.5000 mm): Plôška 2 [GND] z C19 na F.Cu
[unconnected_items]: Missing connection between items
    Local override; error
    @(103.4500 mm, 55.5000 mm): Plôška 2 [GND] z C6 na F.Cu
    @(94.0000 mm, 56.1824 mm): PTH plôška 2 [GND] z C7
[unconnected_items]: Missing connection between items
    Local override; error
    @(106.7200 mm, 60.0000 mm): Plôška 3 [GND] z Q4 na F.Cu
    @(103.4500 mm, 55.5000 mm): Plôška 2 [GND] z C6 na F.Cu
[unconnected_items]: Missing connection between items
    Local override; error
    @(106.7200 mm, 60.0000 mm): Plôška 3 [GND] z Q4 na F.Cu
    @(114.5875 mm, 59.5000 mm): Plôška 2 [GND] z R27 na F.Cu
[unconnected_items]: Missing connection between items
    Local override; error
    @(106.7200 mm, 73.0000 mm): Plôška 3 [GND] z Q3 na F.Cu
    @(114.5875 mm, 72.5000 mm): Plôška 2 [GND] z R26 na F.Cu
[unconnected_items]: Missing connection between items
    Local override; error
    @(106.7200 mm, 73.0000 mm): Plôška 3 [GND] z Q3 na F.Cu
    @(96.4250 mm, 70.2250 mm): Plôška 2 [GND] z U4 na F.Cu
[unconnected_items]: Missing connection between items
    Local override; error
    @(106.9500 mm, 149.0000 mm): Plôška 2 [GND] z C18 na F.Cu
    @(109.1800 mm, 155.4600 mm): PTH plôška 19 [GND] z J7
[unconnected_items]: Missing connection between items
    Local override; error
    @(106.9500 mm, 149.0000 mm): Plôška 2 [GND] z C18 na F.Cu
    @(102.0000 mm, 144.0000 mm): Plôška 2 [GND] z R5 na F.Cu
[unconnected_items]: Missing connection between items
    Local override; error
    @(107.0000 mm, 121.5000 mm): Plôška 2 [GND] z C24 na F.Cu
    @(101.9125 mm, 116.5000 mm): Plôška 2 [GND] z R12 na F.Cu
[unconnected_items]: Missing connection between items
    Local override; error
    @(107.0000 mm, 121.5000 mm): Plôška 2 [GND] z C24 na F.Cu
    @(115.9500 mm, 121.5000 mm): Plôška 2 [GND] z C23 na F.Cu
[unconnected_items]: Missing connection between items
    Local override; error
    @(109.1800 mm, 158.0000 mm): PTH plôška 20 [GND] z J7
    @(109.1800 mm, 155.4600 mm): PTH plôška 19 [GND] z J7
[unconnected_items]: Missing connection between items
    Local override; error
    @(111.7200 mm, 158.0000 mm): PTH plôška 18 [GND] z J7
    @(109.1800 mm, 158.0000 mm): PTH plôška 20 [GND] z J7
[unconnected_items]: Missing connection between items
    Local override; error
    @(111.7200 mm, 158.0000 mm): PTH plôška 18 [GND] z J7
    @(116.8000 mm, 158.0000 mm): PTH plôška 14 [GND] z J7
[unconnected_items]: Missing connection between items
    Local override; error
    @(114.5875 mm, 59.5000 mm): Plôška 2 [GND] z R27 na F.Cu
    @(114.5875 mm, 72.5000 mm): Plôška 2 [GND] z R26 na F.Cu
[unconnected_items]: Missing connection between items
    Local override; error
    @(114.5875 mm, 85.5000 mm): Plôška 2 [GND] z R24 na F.Cu
    @(106.7200 mm, 86.2000 mm): Plôška 3 [GND] z Q1 na F.Cu
[unconnected_items]: Missing connection between items
    Local override; error
    @(115.9500 mm, 121.5000 mm): Plôška 2 [GND] z C23 na F.Cu
    @(115.9500 mm, 111.5000 mm): Plôška 2 [GND] z C21 na F.Cu
[unconnected_items]: Missing connection between items
    Local override; error
    @(115.9500 mm, 121.5000 mm): Plôška 2 [GND] z C23 na F.Cu
    @(116.4500 mm, 131.5000 mm): Plôška 1 [GND] z D8 na F.Cu
[unconnected_items]: Missing connection between items
    Local override; error
    @(115.9500 mm, 139.0000 mm): Plôška 2 [GND] z C15 na F.Cu
    @(116.4500 mm, 131.5000 mm): Plôška 1 [GND] z D8 na F.Cu
[unconnected_items]: Missing connection between items
    Local override; error
    @(115.9500 mm, 139.0000 mm): Plôška 2 [GND] z C15 na F.Cu
    @(124.5135 mm, 139.6600 mm): PTH plôška 2 [GND] z P1
[unconnected_items]: Missing connection between items
    Local override; error
    @(115.9500 mm, 139.0000 mm): Plôška 2 [GND] z C15 na F.Cu
    @(115.9500 mm, 149.0000 mm): Plôška 2 [GND] z C17 na F.Cu
[unconnected_items]: Missing connection between items
    Local override; error
    @(115.9500 mm, 149.0000 mm): Plôška 2 [GND] z C17 na F.Cu
    @(106.9500 mm, 149.0000 mm): Plôška 2 [GND] z C18 na F.Cu
[unconnected_items]: Missing connection between items
    Local override; error
    @(116.4000 mm, 103.0000 mm): Plôška 1 [GND] z D9 na F.Cu
    @(115.9500 mm, 111.5000 mm): Plôška 2 [GND] z C21 na F.Cu
[unconnected_items]: Missing connection between items
    Local override; error
    @(119.3400 mm, 158.0000 mm): PTH plôška 12 [GND] z J7
    @(116.8000 mm, 158.0000 mm): PTH plôška 14 [GND] z J7
[unconnected_items]: Missing connection between items
    Local override; error
    @(119.3400 mm, 158.0000 mm): PTH plôška 12 [GND] z J7
    @(121.8800 mm, 158.0000 mm): PTH plôška 10 [GND] z J7
[unconnected_items]: Missing connection between items
    Local override; error
    @(121.8800 mm, 158.0000 mm): PTH plôška 10 [GND] z J7
    @(124.4200 mm, 158.0000 mm): PTH plôška 8 [GND] z J7
[unconnected_items]: Missing connection between items
    Local override; error
    @(124.4200 mm, 111.8800 mm): PTH plôška 2 [GND] z P2
    @(115.9500 mm, 111.5000 mm): Plôška 2 [GND] z C21 na F.Cu
[unconnected_items]: Missing connection between items
    Local override; error
    @(124.5135 mm, 139.6600 mm): PTH plôška 2 [GND] z P1
    @(129.5935 mm, 137.1200 mm): PTH plôška 2 [GND] z P1
[unconnected_items]: Missing connection between items
    Local override; error
    @(124.5135 mm, 139.6600 mm): PTH plôška 2 [GND] z P1
    @(129.5935 mm, 147.2800 mm): PTH plôška 2 [GND] z P1
[unconnected_items]: Missing connection between items
    Local override; error
    @(126.9600 mm, 158.0000 mm): PTH plôška 6 [GND] z J7
    @(124.4200 mm, 158.0000 mm): PTH plôška 8 [GND] z J7
[unconnected_items]: Missing connection between items
    Local override; error
    @(129.5000 mm, 109.3400 mm): PTH plôška 2 [GND] z P2
    @(124.4200 mm, 111.8800 mm): PTH plôška 2 [GND] z P2
[unconnected_items]: Missing connection between items
    Local override; error
    @(129.5000 mm, 119.5000 mm): PTH plôška 2 [GND] z P2
    @(124.4200 mm, 111.8800 mm): PTH plôška 2 [GND] z P2
[unconnected_items]: Missing connection between items
    Local override; error
    @(129.5000 mm, 158.0000 mm): PTH plôška 4 [GND] z J7
    @(126.9600 mm, 158.0000 mm): PTH plôška 6 [GND] z J7
[unconnected_items]: Missing connection between items
    Local override; error
    @(129.5000 mm, 158.0000 mm): PTH plôška 4 [GND] z J7
    @(129.5400 mm, 164.0000 mm): PTH plôška 2 [GND] z J2
[unconnected_items]: Missing connection between items
    Local override; error
    @(132.0400 mm, 158.0000 mm): PTH plôška 2 [GND] z J7
    @(129.5000 mm, 158.0000 mm): PTH plôška 4 [GND] z J7
[unconnected_items]: Missing connection between items
    Local override; error
    @(57.3746 mm, 125.5000 mm): Plôška 1 [+3V3] z R18 na F.Cu
    @(52.2776 mm, 125.5000 mm): Plôška 1 [+3V3] z C26 na F.Cu
[unconnected_items]: Missing connection between items
    Local override; error
    @(58.6789 mm, 163.0000 mm): PTH plôška 1 [+3V3] z J4
    @(59.4600 mm, 155.0000 mm): PTH plôška 1 [+3V3] z J8
[unconnected_items]: Missing connection between items
    Local override; error
    @(58.6789 mm, 163.0000 mm): PTH plôška 1 [+3V3] z J4
    @(70.2689 mm, 163.0000 mm): PTH plôška 1 [+3V3] z J5
[unconnected_items]: Missing connection between items
    Local override; error
    @(59.4600 mm, 155.0000 mm): PTH plôška 1 [+3V3] z J8
    @(51.7189 mm, 150.5000 mm): Plôška 2 [+3V3] z U11 na F.Cu
[unconnected_items]: Missing connection between items
    Local override; error
    @(62.5875 mm, 125.5000 mm): Plôška 1 [+3V3] z R19 na F.Cu
    @(57.3746 mm, 125.5000 mm): Plôška 1 [+3V3] z R18 na F.Cu
[unconnected_items]: Missing connection between items
    Local override; error
    @(67.5500 mm, 125.5000 mm): Plôška 1 [+3V3] z C27 na F.Cu
    @(62.5875 mm, 125.5000 mm): Plôška 1 [+3V3] z R19 na F.Cu
[unconnected_items]: Missing connection between items
    Local override; error
    @(67.5500 mm, 125.5000 mm): Plôška 1 [+3V3] z C27 na F.Cu
    @(79.5875 mm, 134.0000 mm): Plôška 1 [+3V3] z R16 na F.Cu
[unconnected_items]: Missing connection between items
    Local override; error
    @(70.2689 mm, 163.0000 mm): PTH plôška 1 [+3V3] z J5
    @(74.5000 mm, 155.0000 mm): Plôška 1 [+3V3] z R31 na F.Cu
[unconnected_items]: Missing connection between items
    Local override; error
    @(74.5000 mm, 155.0000 mm): Plôška 1 [+3V3] z R31 na F.Cu
    @(80.6139 mm, 155.0000 mm): Plôška 1 [+3V3] z C5 na F.Cu
[unconnected_items]: Missing connection between items
    Local override; error
    @(79.5875 mm, 139.0000 mm): Plôška 1 [+3V3] z R17 na F.Cu
    @(79.5875 mm, 134.0000 mm): Plôška 1 [+3V3] z R16 na F.Cu
[unconnected_items]: Missing connection between items
    Local override; error
    @(80.6139 mm, 155.0000 mm): Plôška 1 [+3V3] z C5 na F.Cu
    @(85.5000 mm, 152.0000 mm): Plôška 2 [+3V3] z U3 na F.Cu
[unconnected_items]: Missing connection between items
    Local override; error
    @(80.6139 mm, 155.0000 mm): Plôška 1 [+3V3] z C5 na F.Cu
    @(81.8689 mm, 163.0000 mm): PTH plôška 1 [+3V3] z J6
[unconnected_items]: Missing connection between items
    Local override; error
    @(85.5000 mm, 152.0000 mm): Plôška 2 [+3V3] z U3 na F.Cu
    @(79.5875 mm, 139.0000 mm): Plôška 1 [+3V3] z R17 na F.Cu
[unconnected_items]: Missing connection between items
    Local override; error
    @(86.0500 mm, 130.5000 mm): Plôška 1 [+3V3] z C25 na F.Cu
    @(87.0000 mm, 135.4000 mm): Plôška 8 [+3V3] z U10 na F.Cu
[unconnected_items]: Missing connection between items
    Local override; error
    @(86.0500 mm, 130.5000 mm): Plôška 1 [+3V3] z C25 na F.Cu
    @(79.5875 mm, 134.0000 mm): Plôška 1 [+3V3] z R16 na F.Cu
[unconnected_items]: Missing connection between items
    Local override; error
    @(91.8000 mm, 152.0000 mm): Plôška 2 [+3V3] z U3 na F.Cu
    @(85.5000 mm, 152.0000 mm): Plôška 2 [+3V3] z U3 na F.Cu
[unconnected_items]: Missing connection between items
    Local override; error
    @(91.8000 mm, 152.0000 mm): Plôška 2 [+3V3] z U3 na F.Cu
    @(93.4689 mm, 163.0250 mm): PTH plôška 1 [+3V3] z J3
[unconnected_items]: Missing connection between items
    Local override; error
    @(93.4689 mm, 163.0250 mm): PTH plôška 1 [+3V3] z J3
    @(114.2600 mm, 155.4600 mm): PTH plôška 15 [+3V3] z J7
[unconnected_items]: Missing connection between items
    Local override; error
    @(114.2600 mm, 155.4600 mm): PTH plôška 15 [+3V3] z J7
    @(132.0800 mm, 164.0000 mm): PTH plôška 1 [+3V3] z J2
[unconnected_items]: Missing connection between items
    Local override; error
    @(59.5000 mm, 67.0000 mm): Plôška 2 [+5V] z L1 na F.Cu
    @(60.8473 mm, 82.5000 mm): PTH plôška 1 [+5V] z C3
[unconnected_items]: Missing connection between items
    Local override; error
    @(60.8473 mm, 82.5000 mm): PTH plôška 1 [+5V] z C3
    @(76.4750 mm, 78.5750 mm): Plôška 4 [+5V] z U2 na F.Cu
[unconnected_items]: Missing connection between items
    Local override; error
    @(60.8473 mm, 82.5000 mm): PTH plôška 1 [+5V] z C3
    @(78.2889 mm, 149.0000 mm): Plôška 1 [+5V] z C4 na F.Cu
[unconnected_items]: Missing connection between items
    Local override; error
    @(78.2889 mm, 149.0000 mm): Plôška 1 [+5V] z C4 na F.Cu
    @(85.5000 mm, 154.3000 mm): Plôška 3 [+5V] z U3 na F.Cu
[unconnected_items]: Missing connection between items
    Local override; error
    @(85.5000 mm, 154.3000 mm): Plôška 3 [+5V] z U3 na F.Cu
    @(114.2600 mm, 158.0000 mm): PTH plôška 16 [+5V] z J7
[unconnected_items]: Missing connection between items
    Local override; error
    @(68.2089 mm, 146.1950 mm): Plôška 16 [/MOSFET3_GATE] z U11 na F.Cu
    @(120.9125 mm, 72.5000 mm): Plôška 1 [/MOSFET3_GATE] z R22 na F.Cu
[unconnected_items]: Missing connection between items
    Local override; error
    @(116.4125 mm, 72.5000 mm): Plôška 1 [Net-(Q3-G)] z R26 na F.Cu
    @(111.2800 mm, 73.0000 mm): Plôška 1 [Net-(Q3-G)] z Q3 na F.Cu
[unconnected_items]: Missing connection between items
    Local override; error
    @(119.0875 mm, 72.5000 mm): Plôška 2 [Net-(Q3-G)] z R22 na F.Cu
    @(116.4125 mm, 72.5000 mm): Plôška 1 [Net-(Q3-G)] z R26 na F.Cu
[unconnected_items]: Missing connection between items
    Local override; error
    @(95.0500 mm, 106.5000 mm): Plôška 1 [-5V_AN] z C22 na F.Cu
    @(84.0625 mm, 113.0000 mm): Plôška 2 [-5V_AN] z FB2 na F.Cu
[unconnected_items]: Missing connection between items
    Local override; error
    @(95.0500 mm, 133.5000 mm): Plôška 1 [-5V_AN] z C16 na F.Cu
    @(105.5500 mm, 135.0000 mm): Plôška 4 [-5V_AN] z U6 na F.Cu
[unconnected_items]: Missing connection between items
    Local override; error
    @(105.0500 mm, 149.0000 mm): Plôška 1 [-5V_AN] z C18 na F.Cu
    @(105.5250 mm, 143.9050 mm): Plôška 4 [-5V_AN] z U7 na F.Cu
[unconnected_items]: Missing connection between items
    Local override; error
    @(105.5250 mm, 106.9050 mm): Plôška 4 [-5V_AN] z U8 na F.Cu
    @(95.0500 mm, 106.5000 mm): Plôška 1 [-5V_AN] z C22 na F.Cu
[unconnected_items]: Missing connection between items
    Local override; error
    @(105.5250 mm, 115.7070 mm): Plôška 4 [-5V_AN] z U9 na F.Cu
    @(105.1000 mm, 121.5000 mm): Plôška 1 [-5V_AN] z C24 na F.Cu
[unconnected_items]: Missing connection between items
    Local override; error
    @(105.5250 mm, 115.7070 mm): Plôška 4 [-5V_AN] z U9 na F.Cu
    @(105.5250 mm, 106.9050 mm): Plôška 4 [-5V_AN] z U8 na F.Cu
[unconnected_items]: Missing connection between items
    Local override; error
    @(105.5250 mm, 143.9050 mm): Plôška 4 [-5V_AN] z U7 na F.Cu
    @(105.5500 mm, 135.0000 mm): Plôška 4 [-5V_AN] z U6 na F.Cu
[unconnected_items]: Missing connection between items
    Local override; error
    @(105.5500 mm, 135.0000 mm): Plôška 4 [-5V_AN] z U6 na F.Cu
    @(105.1000 mm, 121.5000 mm): Plôška 1 [-5V_AN] z C24 na F.Cu
[unconnected_items]: Missing connection between items
    Local override; error
    @(45.0589 mm, 84.5000 mm): PTH plôška 11 [/L_OUT] z RLY1
    @(33.5000 mm, 96.1600 mm): PTH plôška 1 [/L_OUT] z J11
[unconnected_items]: Missing connection between items
    Local override; error
    @(64.0875 mm, 113.0000 mm): Plôška 1 [/L_OUT] z R30 na F.Cu
    @(45.0589 mm, 84.5000 mm): PTH plôška 11 [/L_OUT] z RLY1
[unconnected_items]: Missing connection between items
    Local override; error
    @(100.5000 mm, 49.6146 mm): PTH plôška 1 [/L_OUT] z MOV1
    @(45.0589 mm, 84.5000 mm): PTH plôška 11 [/L_OUT] z RLY1
[unconnected_items]: Missing connection between items
    Local override; error
    @(30.5000 mm, 105.9125 mm): PTH plôška 1 [/AC_L] z F1
    @(30.5000 mm, 110.9925 mm): PTH plôška 1 [/AC_L] z F1
[unconnected_items]: Missing connection between items
    Local override; error
    @(30.5000 mm, 110.9925 mm): PTH plôška 1 [/AC_L] z F1
    @(44.0000 mm, 112.0000 mm): PTH plôška 2 [/AC_L] z C29
[unconnected_items]: Missing connection between items
    Local override; error
    @(33.5000 mm, 78.0800 mm): PTH plôška 1 [/AC_L] z J1
    @(45.0589 mm, 79.5000 mm): PTH plôška 14 [/AC_L] z RLY1
[unconnected_items]: Missing connection between items
    Local override; error
    @(33.5000 mm, 78.0800 mm): PTH plôška 1 [/AC_L] z J1
    @(30.5000 mm, 105.9125 mm): PTH plôška 1 [/AC_L] z F1
[unconnected_items]: Missing connection between items
    Local override; error
    @(93.0000 mm, 47.9813 mm): PTH plôška 2 [/AC_L] z MOV1
    @(45.0589 mm, 79.5000 mm): PTH plôška 14 [/AC_L] z RLY1
[unconnected_items]: Missing connection between items
    Local override; error
    @(52.5589 mm, 104.5000 mm): PTH plôška A2 [Net-(D4-K)] z RLY1
    @(60.5000 mm, 105.5000 mm): Plôška 1 [Net-(D4-K)] z D4 na F.Cu
[unconnected_items]: Missing connection between items
    Local override; error
    @(60.5000 mm, 105.5000 mm): Plôška 1 [Net-(D4-K)] z D4 na F.Cu
    @(73.4343 mm, 103.8747 mm): Plôška 2 [Net-(D4-K)] z Q2 na F.Cu
[unconnected_items]: Missing connection between items
    Local override; error
    @(91.5625 mm, 30.0000 mm): Plôška 1 [Net-(D1-K)] z D1 na F.Cu
    @(93.4125 mm, 36.0000 mm): Plôška 2 [Net-(D1-K)] z R1 na F.Cu
[unconnected_items]: Missing connection between items
    Local override; error
    @(109.0000 mm, 66.3000 mm): Plôška 2 [Net-(D6-K)] z Q4 na F.Cu
    @(118.0000 mm, 64.3017 mm): Plôška 1 [Net-(D6-K)] z D6 na F.Cu
[unconnected_items]: Missing connection between items
    Local override; error
    @(118.0000 mm, 64.3017 mm): Plôška 1 [Net-(D6-K)] z D6 na F.Cu
    @(128.5000 mm, 61.6967 mm): PTH plôška 2 [Net-(D6-K)] z J10
[unconnected_items]: Missing connection between items
    Local override; error
    @(52.9889 mm, 150.5000 mm): Plôška 3 [Net-(U11-EN)] z U11 na F.Cu
    @(53.9500 mm, 155.0000 mm): Plôška 1 [Net-(U11-EN)] z C28 na F.Cu
[unconnected_items]: Missing connection between items
    Local override; error
    @(59.1996 mm, 125.5000 mm): Plôška 2 [Net-(U11-EN)] z R18 na F.Cu
    @(52.9889 mm, 150.5000 mm): Plôška 3 [Net-(U11-EN)] z U11 na F.Cu
[unconnected_items]: Missing connection between items
    Local override; error
    @(86.5000 mm, 92.0000 mm): PTH plôška 1 [Net-(C10-~-Pad1)] z C10
    @(96.5000 mm, 90.5000 mm): Plôška 1 [Net-(C10-~-Pad1)] z FB1 na F.Cu
[unconnected_items]: Missing connection between items
    Local override; error
    @(96.5000 mm, 90.5000 mm): Plôška 1 [Net-(C10-~-Pad1)] z FB1 na F.Cu
    @(101.5625 mm, 82.5000 mm): Plôška 2 [Net-(C10-~-Pad1)] z L2 na F.Cu
[unconnected_items]: Missing connection between items
    Local override; error
    @(79.3625 mm, 119.0500 mm): Plôška 1 [+5V_AN] z U5 na F.Cu
    @(110.4750 mm, 113.1670 mm): Plôška 7 [+5V_AN] z U9 na F.Cu
[unconnected_items]: Missing connection between items
    Local override; error
    @(110.4750 mm, 104.3650 mm): Plôška 7 [+5V_AN] z U8 na F.Cu
    @(98.6250 mm, 90.5000 mm): Plôška 2 [+5V_AN] z FB1 na F.Cu
[unconnected_items]: Missing connection between items
    Local override; error
    @(110.4750 mm, 113.1670 mm): Plôška 7 [+5V_AN] z U9 na F.Cu
    @(114.0500 mm, 121.5000 mm): Plôška 1 [+5V_AN] z C23 na F.Cu
[unconnected_items]: Missing connection between items
    Local override; error
    @(110.4750 mm, 141.3650 mm): Plôška 7 [+5V_AN] z U7 na F.Cu
    @(114.0500 mm, 149.0000 mm): Plôška 1 [+5V_AN] z C17 na F.Cu
[unconnected_items]: Missing connection between items
    Local override; error
    @(110.5000 mm, 132.4600 mm): Plôška 7 [+5V_AN] z U6 na F.Cu
    @(114.0500 mm, 139.0000 mm): Plôška 1 [+5V_AN] z C15 na F.Cu
[unconnected_items]: Missing connection between items
    Local override; error
    @(110.5000 mm, 132.4600 mm): Plôška 7 [+5V_AN] z U6 na F.Cu
    @(114.0500 mm, 121.5000 mm): Plôška 1 [+5V_AN] z C23 na F.Cu
[unconnected_items]: Missing connection between items
    Local override; error
    @(114.0500 mm, 111.5000 mm): Plôška 1 [+5V_AN] z C21 na F.Cu
    @(110.4750 mm, 113.1670 mm): Plôška 7 [+5V_AN] z U9 na F.Cu
[unconnected_items]: Missing connection between items
    Local override; error
    @(114.0500 mm, 111.5000 mm): Plôška 1 [+5V_AN] z C21 na F.Cu
    @(110.4750 mm, 104.3650 mm): Plôška 7 [+5V_AN] z U8 na F.Cu
[unconnected_items]: Missing connection between items
    Local override; error
    @(114.0500 mm, 139.0000 mm): Plôška 1 [+5V_AN] z C15 na F.Cu
    @(110.4750 mm, 141.3650 mm): Plôška 7 [+5V_AN] z U7 na F.Cu
[unconnected_items]: Missing connection between items
    Local override; error
    @(38.1200 mm, 105.9125 mm): PTH plôška 2 [Net-(U1-AC_L)] z F1
    @(32.0914 mm, 48.1450 mm): PTH plôška 1 [Net-(U1-AC_L)] z U1
[unconnected_items]: Missing connection between items
    Local override; error
    @(38.1200 mm, 110.9925 mm): PTH plôška 2 [Net-(U1-AC_L)] z F1
    @(38.1200 mm, 105.9125 mm): PTH plôška 2 [Net-(U1-AC_L)] z F1
[unconnected_items]: Missing connection between items
    Local override; error
    @(64.4189 mm, 150.5000 mm): Plôška 12 [/SCL] z U11 na F.Cu
    @(81.4125 mm, 139.0000 mm): Plôška 2 [/SCL] z R17 na F.Cu
[unconnected_items]: Missing connection between items
    Local override; error
    @(81.4125 mm, 139.0000 mm): Plôška 2 [/SCL] z R17 na F.Cu
    @(86.0000 mm, 135.4000 mm): Plôška 10 [/SCL] z U10 na F.Cu
[unconnected_items]: Missing connection between items
    Local override; error
    @(96.7500 mm, 139.1573 mm): Plôška 1 [Net-(R3-~-Pad2)] z R4 na F.Cu
    @(102.0000 mm, 139.0000 mm): Plôška 2 [Net-(R3-~-Pad2)] z R3 na F.Cu
[unconnected_items]: Missing connection between items
    Local override; error
    @(95.5000 mm, 142.0573 mm): Plôška 2 [/pH_CAL] z R4 na F.Cu
    @(102.0000 mm, 149.0000 mm): Plôška 2 [/pH_CAL] z R8 na F.Cu
[unconnected_items]: Missing connection between items
    Local override; error
    @(94.2500 mm, 139.1573 mm): Plôška 3 [Net-(R4-Pad3)] z R4 na F.Cu
    @(100.1750 mm, 144.0000 mm): Plôška 1 [Net-(R4-Pad3)] z R5 na F.Cu
[unconnected_items]: Missing connection between items
    Local override; error
    @(95.0500 mm, 101.5000 mm): Plôška 1 [Net-(U8-IN+)] z C20 na F.Cu
    @(100.0875 mm, 111.5000 mm): Plôška 1 [Net-(U8-IN+)] z R10 na F.Cu
[unconnected_items]: Missing connection between items
    Local override; error
    @(100.0875 mm, 111.5000 mm): Plôška 1 [Net-(U8-IN+)] z R10 na F.Cu
    @(105.5250 mm, 105.6350 mm): Plôška 3 [Net-(U8-IN+)] z U8 na F.Cu
[unconnected_items]: Missing connection between items
    Local override; error
    @(96.5000 mm, 111.5000 mm): Plôška 1 [Net-(R10-~-Pad2)] z R11 na F.Cu
    @(101.9125 mm, 111.5000 mm): Plôška 2 [Net-(R10-~-Pad2)] z R10 na F.Cu
[unconnected_items]: Missing connection between items
    Local override; error
    @(86.5000 mm, 81.3176 mm): PTH plôška 1 [Net-(U4-OUT)] z C9
    @(94.0500 mm, 82.6122 mm): Plôška 1 [Net-(U4-OUT)] z C8 na F.Cu
[unconnected_items]: Missing connection between items
    Local override; error
    @(87.2750 mm, 72.7650 mm): Plôška 3 [Net-(U4-OUT)] z U4 na F.Cu
    @(86.5000 mm, 81.3176 mm): PTH plôška 1 [Net-(U4-OUT)] z C9
[unconnected_items]: Missing connection between items
    Local override; error
    @(94.0500 mm, 82.6122 mm): Plôška 1 [Net-(U4-OUT)] z C8 na F.Cu
    @(99.4375 mm, 82.5000 mm): Plôška 1 [Net-(U4-OUT)] z L2 na F.Cu
[unconnected_items]: Missing connection between items
    Local override; error
    @(47.0000 mm, 66.5000 mm): Plôška 2 [Net-(D2-A)] z D2 na F.Cu
    @(59.5000 mm, 73.6000 mm): Plôška 1 [Net-(D2-A)] z L1 na F.Cu
[unconnected_items]: Missing connection between items
    Local override; error
    @(59.5000 mm, 73.6000 mm): Plôška 1 [Net-(D2-A)] z L1 na F.Cu
    @(73.0750 mm, 78.5750 mm): Plôška 2 [Net-(D2-A)] z U2 na F.Cu
[unconnected_items]: Missing connection between items
    Local override; error
    @(101.9125 mm, 121.5000 mm): Plôška 2 [Net-(U9-IN+)] z R14 na F.Cu
    @(109.5000 mm, 121.5000 mm): Plôška 1 [Net-(U9-IN+)] z R13 na F.Cu
[unconnected_items]: Missing connection between items
    Local override; error
    @(105.5250 mm, 114.4370 mm): Plôška 3 [Net-(U9-IN+)] z U9 na F.Cu
    @(101.9125 mm, 121.5000 mm): Plôška 2 [Net-(U9-IN+)] z R14 na F.Cu
[unconnected_items]: Missing connection between items
    Local override; error
    @(88.0000 mm, 139.6000 mm): Plôška 5 [/ORP_OUT] z U10 na F.Cu
    @(111.3250 mm, 121.5000 mm): Plôška 2 [/ORP_OUT] z R13 na F.Cu
[unconnected_items]: Missing connection between items
    Local override; error
    @(111.3250 mm, 121.5000 mm): Plôška 2 [/ORP_OUT] z R13 na F.Cu
    @(110.4750 mm, 114.4370 mm): Plôška 6 [/ORP_OUT] z U9 na F.Cu
[unconnected_items]: Missing connection between items
    Local override; error
    @(105.5250 mm, 142.6350 mm): Plôška 3 [Net-(U7-IN+)] z U7 na F.Cu
    @(109.5875 mm, 149.0000 mm): Plôška 1 [Net-(U7-IN+)] z R6 na F.Cu
[unconnected_items]: Missing connection between items
    Local override; error
    @(109.5875 mm, 149.0000 mm): Plôška 1 [Net-(U7-IN+)] z R6 na F.Cu
    @(115.8250 mm, 144.0000 mm): Plôška 2 [Net-(U7-IN+)] z R7 na F.Cu
[unconnected_items]: Missing connection between items
    Local override; error
    @(110.4750 mm, 142.6350 mm): Plôška 6 [/pH_OUT] z U7 na F.Cu
    @(87.5000 mm, 139.6000 mm): Plôška 4 [/pH_OUT] z U10 na F.Cu
[unconnected_items]: Missing connection between items
    Local override; error
    @(111.4125 mm, 149.0000 mm): Plôška 2 [/pH_OUT] z R6 na F.Cu
    @(110.4750 mm, 142.6350 mm): Plôška 6 [/pH_OUT] z U7 na F.Cu
[unconnected_items]: Missing connection between items
    Local override; error
    @(102.0000 mm, 101.5000 mm): Plôška 2 [Net-(U8-IN-)] z R9 na F.Cu
    @(100.0500 mm, 106.5000 mm): Plôška 1 [Net-(U8-IN-)] z C19 na F.Cu
[unconnected_items]: Missing connection between items
    Local override; error
    @(105.5250 mm, 104.3650 mm): Plôška 2 [Net-(U8-IN-)] z U8 na F.Cu
    @(102.0000 mm, 101.5000 mm): Plôška 2 [Net-(U8-IN-)] z R9 na F.Cu
[unconnected_items]: Missing connection between items
    Local override; error
    @(100.0875 mm, 121.5000 mm): Plôška 1 [Net-(U8-OUT)] z R14 na F.Cu
    @(110.4750 mm, 105.6350 mm): Plôška 6 [Net-(U8-OUT)] z U8 na F.Cu
[unconnected_items]: Missing connection between items
    Local override; error
    @(110.4750 mm, 105.6350 mm): Plôška 6 [Net-(U8-OUT)] z U8 na F.Cu
    @(96.9500 mm, 101.5000 mm): Plôška 2 [Net-(U8-OUT)] z C20 na F.Cu
[unconnected_items]: Missing connection between items
    Local override; error
    @(65.7500 mm, 91.7300 mm): Plôška 4 [/MOSFET2_GATE] z U12 na F.Cu
    @(66.8662 mm, 100.0000 mm): Plôška 2 [/MOSFET2_GATE] z R29 na F.Cu
[unconnected_items]: Missing connection between items
    Local override; error
    @(66.8662 mm, 100.0000 mm): Plôška 2 [/MOSFET2_GATE] z R29 na F.Cu
    @(69.1750 mm, 113.0000 mm): Plôška 1 [/MOSFET2_GATE] z R21 na F.Cu
[unconnected_items]: Missing connection between items
    Local override; error
    @(116.4125 mm, 85.5000 mm): Plôška 1 [Net-(Q1-G)] z R24 na F.Cu
    @(111.2800 mm, 86.2000 mm): Plôška 1 [Net-(Q1-G)] z Q1 na F.Cu
[unconnected_items]: Missing connection between items
    Local override; error
    @(119.1750 mm, 85.5000 mm): Plôška 2 [Net-(Q1-G)] z R20 na F.Cu
    @(116.4125 mm, 85.5000 mm): Plôška 1 [Net-(Q1-G)] z R24 na F.Cu
[unconnected_items]: Missing connection between items
    Local override; error
    @(118.5500 mm, 131.5000 mm): Plôška 2 [Net-(D8-A2)] z D8 na F.Cu
    @(101.9125 mm, 128.5000 mm): Plôška 1 [Net-(D8-A2)] z R2 na F.Cu
[unconnected_items]: Missing connection between items
    Local override; error
    @(124.5135 mm, 142.2000 mm): PTH plôška 1 [Net-(D8-A2)] z P1
    @(118.5500 mm, 131.5000 mm): Plôška 2 [Net-(D8-A2)] z D8 na F.Cu
[unconnected_items]: Missing connection between items
    Local override; error
    @(100.0875 mm, 128.5000 mm): Plôška 2 [Net-(U6-IN-)] z R2 na F.Cu
    @(102.0000 mm, 133.5000 mm): Plôška 1 [Net-(U6-IN-)] z C13 na F.Cu
[unconnected_items]: Missing connection between items
    Local override; error
    @(102.0000 mm, 133.5000 mm): Plôška 1 [Net-(U6-IN-)] z C13 na F.Cu
    @(105.5500 mm, 132.4600 mm): Plôška 2 [Net-(U6-IN-)] z U6 na F.Cu
[unconnected_items]: Missing connection between items
    Local override; error
    @(81.4125 mm, 134.0000 mm): Plôška 2 [/SDA] z R16 na F.Cu
    @(63.1489 mm, 150.5000 mm): Plôška 11 [/SDA] z U11 na F.Cu
[unconnected_items]: Missing connection between items
    Local override; error
    @(86.5000 mm, 135.4000 mm): Plôška 9 [/SDA] z U10 na F.Cu
    @(81.4125 mm, 134.0000 mm): Plôška 2 [/SDA] z R16 na F.Cu
[unconnected_items]: Missing connection between items
    Local override; error
    @(118.5000 mm, 103.0000 mm): Plôška 2 [Net-(D9-A2)] z D9 na F.Cu
    @(100.1750 mm, 101.5000 mm): Plôška 1 [Net-(D9-A2)] z R9 na F.Cu
[unconnected_items]: Missing connection between items
    Local override; error
    @(124.4200 mm, 114.4200 mm): PTH plôška 1 [Net-(D9-A2)] z P2
    @(118.5000 mm, 103.0000 mm): Plôška 2 [Net-(D9-A2)] z D9 na F.Cu
[unconnected_items]: Missing connection between items
    Local override; error
    @(60.6089 mm, 150.5000 mm): Plôška 9 [/MOSFET1_GATE] z U11 na F.Cu
    @(121.0000 mm, 85.5000 mm): Plôška 1 [/MOSFET1_GATE] z R20 na F.Cu
[unconnected_items]: Missing connection between items
    Local override; error
    @(95.2500 mm, 114.4000 mm): Plôška 2 [/ORP_CAL] z R11 na F.Cu
    @(116.0000 mm, 116.5000 mm): Plôška 2 [/ORP_CAL] z R15 na F.Cu
[unconnected_items]: Missing connection between items
    Local override; error
    @(94.0000 mm, 111.5000 mm): Plôška 3 [Net-(R11-Pad3)] z R11 na F.Cu
    @(100.0875 mm, 116.5000 mm): Plôška 1 [Net-(R11-Pad3)] z R12 na F.Cu
[unconnected_items]: Missing connection between items
    Local override; error
    @(65.6889 mm, 150.5000 mm): Plôška 13 [/MOSFET4_GATE] z U11 na F.Cu
    @(120.9125 mm, 59.6267 mm): Plôška 1 [/MOSFET4_GATE] z R23 na F.Cu
[unconnected_items]: Missing connection between items
    Local override; error
    @(116.4125 mm, 59.5000 mm): Plôška 1 [Net-(Q4-G)] z R27 na F.Cu
    @(111.2800 mm, 60.0000 mm): Plôška 1 [Net-(Q4-G)] z Q4 na F.Cu
[unconnected_items]: Missing connection between items
    Local override; error
    @(119.0875 mm, 59.6267 mm): Plôška 2 [Net-(Q4-G)] z R23 na F.Cu
    @(116.4125 mm, 59.5000 mm): Plôška 1 [Net-(Q4-G)] z R27 na F.Cu
[unconnected_items]: Missing connection between items
    Local override; error
    @(67.7689 mm, 163.0000 mm): PTH plôška 2 [/ONEWIRE_DATA] z J5
    @(56.1789 mm, 163.0000 mm): PTH plôška 2 [/ONEWIRE_DATA] z J4
[unconnected_items]: Missing connection between items
    Local override; error
    @(72.6750 mm, 155.0000 mm): Plôška 2 [/ONEWIRE_DATA] z R31 na F.Cu
    @(67.7689 mm, 163.0000 mm): PTH plôška 2 [/ONEWIRE_DATA] z J5
[unconnected_items]: Missing connection between items
    Local override; error
    @(72.6750 mm, 155.0000 mm): Plôška 2 [/ONEWIRE_DATA] z R31 na F.Cu
    @(61.8789 mm, 133.0000 mm): Plôška 29 [/ONEWIRE_DATA] z U11 na F.Cu
[unconnected_items]: Missing connection between items
    Local override; error
    @(79.3689 mm, 163.0000 mm): PTH plôška 2 [/ONEWIRE_DATA] z J6
    @(72.6750 mm, 155.0000 mm): Plôška 2 [/ONEWIRE_DATA] z R31 na F.Cu
[unconnected_items]: Missing connection between items
    Local override; error
    @(90.9689 mm, 163.0250 mm): PTH plôška 2 [/ONEWIRE_DATA] z J3
    @(79.3689 mm, 163.0000 mm): PTH plôška 2 [/ONEWIRE_DATA] z J6
[unconnected_items]: Missing connection between items
    Local override; error
    @(64.4125 mm, 125.5000 mm): Plôška 2 [Net-(U11-IO0)] z R19 na F.Cu
    @(66.9589 mm, 133.0000 mm): Plôška 25 [Net-(U11-IO0)] z U11 na F.Cu
[unconnected_items]: Missing connection between items
    Local override; error
    @(33.5000 mm, 73.0000 mm): PTH plôška 2 [/AC_N] z J1
    @(32.0914 mm, 53.2250 mm): PTH plôška 2 [/AC_N] z U1
[unconnected_items]: Missing connection between items
    Local override; error
    @(33.5000 mm, 91.0800 mm): PTH plôška 2 [/AC_N] z J11
    @(33.5000 mm, 73.0000 mm): PTH plôška 2 [/AC_N] z J1
[unconnected_items]: Missing connection between items
    Local override; error
    @(59.6182 mm, 100.0000 mm): Plôška 1 [/RELAY_CTRL] z R28 na F.Cu
    @(61.8789 mm, 150.5000 mm): Plôška 10 [/RELAY_CTRL] z U11 na F.Cu
[unconnected_items]: Missing connection between items
    Local override; error
    @(60.2500 mm, 91.7300 mm): Plôška 1 [Net-(U12-A)] z U12 na F.Cu
    @(61.4432 mm, 100.0000 mm): Plôška 2 [Net-(U12-A)] z R28 na F.Cu
[unconnected_items]: Missing connection between items
    Local override; error
    @(105.5250 mm, 113.1670 mm): Plôška 2 [Net-(U9-IN-)] z U9 na F.Cu
    @(114.1750 mm, 116.5000 mm): Plôška 1 [Net-(U9-IN-)] z R15 na F.Cu
[unconnected_items]: Missing connection between items
    Local override; error
    @(100.1750 mm, 149.0000 mm): Plôška 1 [Net-(U7-IN-)] z R8 na F.Cu
    @(105.5250 mm, 141.3650 mm): Plôška 2 [Net-(U7-IN-)] z U7 na F.Cu
[unconnected_items]: Missing connection between items
    Local override; error
    @(33.5000 mm, 67.9200 mm): PTH plôška 3 [/PE] z J1
    @(33.5000 mm, 86.0000 mm): PTH plôška 3 [/PE] z J11
[unconnected_items]: Missing connection between items
    Local override; error
    @(71.0000 mm, 113.0000 mm): Plôška 2 [Net-(Q2-G)] z R21 na F.Cu
    @(74.0875 mm, 113.0000 mm): Plôška 1 [Net-(Q2-G)] z R25 na F.Cu
[unconnected_items]: Missing connection between items
    Local override; error
    @(74.0875 mm, 113.0000 mm): Plôška 1 [Net-(Q2-G)] z R25 na F.Cu
    @(79.7343 mm, 106.1547 mm): Plôška 1 [Net-(Q2-G)] z Q2 na F.Cu
[unconnected_items]: Missing connection between items
    Local override; error
    @(54.2589 mm, 133.0000 mm): Plôška 35 [/UART_TX] z U11 na F.Cu
    @(62.0000 mm, 155.0000 mm): PTH plôška 2 [/UART_TX] z J8
[unconnected_items]: Missing connection between items
    Local override; error
    @(55.5289 mm, 133.0000 mm): Plôška 34 [/UART_RX] z U11 na F.Cu
    @(64.5400 mm, 155.0000 mm): PTH plôška 3 [/UART_RX] z J8
[unconnected_items]: Missing connection between items
    Local override; error
    @(118.0000 mm, 77.0000 mm): Plôška 1 [Net-(D5-K)] z D5 na F.Cu
    @(109.0000 mm, 79.3000 mm): Plôška 2 [Net-(D5-K)] z Q3 na F.Cu
[unconnected_items]: Missing connection between items
    Local override; error
    @(128.5000 mm, 74.4650 mm): PTH plôška 2 [Net-(D5-K)] z J9
    @(118.0000 mm, 77.0000 mm): Plôška 1 [Net-(D5-K)] z D5 na F.Cu
[unconnected_items]: Missing connection between items
    Local override; error
    @(59.0000 mm, 112.0000 mm): PTH plôška 1 [Net-(C29-~-Pad1)] z C29
    @(65.9125 mm, 113.0000 mm): Plôška 2 [Net-(C29-~-Pad1)] z R30 na F.Cu
[unconnected_items]: Missing connection between items
    Local override; error
    @(110.5000 mm, 133.7300 mm): Plôška 6 [Net-(U6-OUT)] z U6 na F.Cu
    @(96.9500 mm, 128.5000 mm): Plôška 2 [Net-(U6-OUT)] z C14 na F.Cu
[unconnected_items]: Missing connection between items
    Local override; error
    @(114.0000 mm, 144.0000 mm): Plôška 1 [Net-(U6-OUT)] z R7 na F.Cu
    @(110.5000 mm, 133.7300 mm): Plôška 6 [Net-(U6-OUT)] z U6 na F.Cu
[unconnected_items]: Missing connection between items
    Local override; error
    @(79.3625 mm, 120.9500 mm): Plôška 3 [Net-(U5-C+)] z U5 na F.Cu
    @(86.0500 mm, 125.0000 mm): Plôška 1 [Net-(U5-C+)] z C11 na F.Cu
[unconnected_items]: Missing connection between items
    Local override; error
    @(81.6375 mm, 120.9500 mm): Plôška 4 [Net-(U5-C-)] z U5 na F.Cu
    @(87.9500 mm, 125.0000 mm): Plôška 2 [Net-(U5-C-)] z C11 na F.Cu
[unconnected_items]: Missing connection between items
    Local override; error
    @(66.9589 mm, 150.5000 mm): Plôška 14 [/GPIO12] z U11 na F.Cu
    @(132.0400 mm, 155.4600 mm): PTH plôška 1 [/GPIO12] z J7
[unconnected_items]: Missing connection between items
    Local override; error
    @(64.4189 mm, 133.0000 mm): Plôška 27 [/GPIO16] z U11 na F.Cu
    @(129.5000 mm, 155.4600 mm): PTH plôška 3 [/GPIO16] z J7
[unconnected_items]: Missing connection between items
    Local override; error
    @(63.1489 mm, 133.0000 mm): Plôška 28 [/GPIO17] z U11 na F.Cu
    @(126.9600 mm, 155.4600 mm): PTH plôška 5 [/GPIO17] z J7
[unconnected_items]: Missing connection between items
    Local override; error
    @(52.9889 mm, 133.0000 mm): Plôška 36 [/GPIO22] z U11 na F.Cu
    @(124.4200 mm, 155.4600 mm): PTH plôška 7 [/GPIO22] z J7
[unconnected_items]: Missing connection between items
    Local override; error
    @(56.7989 mm, 150.5000 mm): Plôška 6 [/GPIO34] z U11 na F.Cu
    @(121.8800 mm, 155.4600 mm): PTH plôška 9 [/GPIO34] z J7
[unconnected_items]: Missing connection between items
    Local override; error
    @(58.0689 mm, 150.5000 mm): Plôška 7 [/GPIO35] z U11 na F.Cu
    @(119.3400 mm, 155.4600 mm): PTH plôška 11 [/GPIO35] z J7
[unconnected_items]: Missing connection between items
    Local override; error
    @(54.2589 mm, 150.5000 mm): Plôška 4 [/GPIO36] z U11 na F.Cu
    @(116.8000 mm, 155.4600 mm): PTH plôška 13 [/GPIO36] z J7
[unconnected_items]: Missing connection between items
    Local override; error
    @(68.2089 mm, 137.3050 mm): Plôška 23 [/TFT_CS] z U11 na F.Cu
    @(127.0000 mm, 164.0000 mm): PTH plôška 3 [/TFT_CS] z J2
[unconnected_items]: Missing connection between items
    Local override; error
    @(65.6889 mm, 133.0000 mm): Plôška 26 [/TFT_RST] z U11 na F.Cu
    @(124.4600 mm, 164.0000 mm): PTH plôška 4 [/TFT_RST] z J2
[unconnected_items]: Missing connection between items
    Local override; error
    @(68.2089 mm, 136.0350 mm): Plôška 24 [/TFT_DC] z U11 na F.Cu
    @(121.9200 mm, 164.0000 mm): PTH plôška 5 [/TFT_DC] z J2
[unconnected_items]: Missing connection between items
    Local override; error
    @(51.7189 mm, 133.0000 mm): Plôška 37 [/SPI_MOSI] z U11 na F.Cu
    @(104.1400 mm, 164.0000 mm): PTH plôška 12 [/SPI_MOSI] z J2
[unconnected_items]: Missing connection between items
    Local override; error
    @(104.1400 mm, 164.0000 mm): PTH plôška 12 [/SPI_MOSI] z J2
    @(119.3800 mm, 164.0000 mm): PTH plôška 6 [/SPI_MOSI] z J2
[unconnected_items]: Missing connection between items
    Local override; error
    @(60.6089 mm, 133.0000 mm): Plôška 30 [/SPI_SCK] z U11 na F.Cu
    @(109.2200 mm, 164.0000 mm): PTH plôška 10 [/SPI_SCK] z J2
[unconnected_items]: Missing connection between items
    Local override; error
    @(109.2200 mm, 164.0000 mm): PTH plôška 10 [/SPI_SCK] z J2
    @(116.8400 mm, 164.0000 mm): PTH plôška 7 [/SPI_SCK] z J2
[unconnected_items]: Missing connection between items
    Local override; error
    @(59.3389 mm, 150.5000 mm): Plôška 8 [/TFT_BL] z U11 na F.Cu
    @(114.3000 mm, 164.0000 mm): PTH plôška 8 [/TFT_BL] z J2
[unconnected_items]: Missing connection between items
    Local override; error
    @(59.3389 mm, 133.0000 mm): Plôška 31 [/SPI_MISO] z U11 na F.Cu
    @(101.6000 mm, 164.0000 mm): PTH plôška 13 [/SPI_MISO] z J2
[unconnected_items]: Missing connection between items
    Local override; error
    @(101.6000 mm, 164.0000 mm): PTH plôška 13 [/SPI_MISO] z J2
    @(111.7600 mm, 164.0000 mm): PTH plôška 9 [/SPI_MISO] z J2
[unconnected_items]: Missing connection between items
    Local override; error
    @(56.7989 mm, 133.0000 mm): Plôška 33 [/TOUCH_CS] z U11 na F.Cu
    @(106.6800 mm, 164.0000 mm): PTH plôška 11 [/TOUCH_CS] z J2
[unconnected_items]: Missing connection between items
    Local override; error
    @(55.5289 mm, 150.5000 mm): Plôška 5 [/TOUCH_IRQ] z U11 na F.Cu
    @(99.0600 mm, 164.0000 mm): PTH plôška 14 [/TOUCH_IRQ] z J2
[unconnected_items]: Missing connection between items
    Local override; error
    @(95.0500 mm, 128.5000 mm): Plôška 1 [Net-(U6-IN+)] z C14 na F.Cu
    @(100.1750 mm, 139.0000 mm): Plôška 1 [Net-(U6-IN+)] z R3 na F.Cu
[unconnected_items]: Missing connection between items
    Local override; error
    @(100.1750 mm, 139.0000 mm): Plôška 1 [Net-(U6-IN+)] z R3 na F.Cu
    @(105.5500 mm, 133.7300 mm): Plôška 3 [Net-(U6-IN+)] z U6 na F.Cu
[unconnected_items]: Missing connection between items
    Local override; error
    @(81.6375 mm, 119.0500 mm): Plôška 5 [Net-(U5-OUT)] z U5 na F.Cu
    @(86.1000 mm, 119.5000 mm): Plôška 1 [Net-(U5-OUT)] z C12 na F.Cu
[unconnected_items]: Missing connection between items
    Local override; error
    @(81.9375 mm, 113.0000 mm): Plôška 1 [Net-(U5-OUT)] z FB2 na F.Cu
    @(81.6375 mm, 119.0500 mm): Plôška 5 [Net-(U5-OUT)] z U5 na F.Cu

** Found 0 Footprint errors **

** Ignored checks **
    - Footprint has no courtyard defined
    - Track endpoint not centered on via
    - Tuning profile track geometries
    - Footprint doesn't match symbol's footprint filters
    - Footprint component type doesn't match footprint pads

** End of Report **
