** Drc report for ph-verzion-01.kicad_pcb **
** Created on 2026-06-09T17:56:43 **
** Report includes: Errors **

** Found 42 DRC violations **
[clearance]: Izolačná medzera porušenia ( odstup/minimálna vzdialenosť 0.2000 mm; aktuálna 0.1500 mm)
    Local override; error
    @(149.3000 mm, 95.5000 mm): Plôška 1 [GND] z U10 na F.Cu
    @(149.3000 mm, 96.0000 mm): Plôška 2 [unconnected-(U10-ALRT-Pad2)] z U10 na F.Cu
[clearance]: Izolačná medzera porušenia ( odstup/minimálna vzdialenosť 0.2000 mm; aktuálna 0.1500 mm)
    Local override; error
    @(149.3000 mm, 96.0000 mm): Plôška 2 [unconnected-(U10-ALRT-Pad2)] z U10 na F.Cu
    @(149.3000 mm, 96.5000 mm): Plôška 3 [GND] z U10 na F.Cu
[clearance]: Izolačná medzera porušenia ( odstup/minimálna vzdialenosť 0.2000 mm; aktuálna 0.0400 mm)
    Local override; error
    @(220.0000 mm, 42.0000 mm): PTH plôška 1 [Net-(P1-Signal)] z P1
    @(220.0000 mm, 39.4600 mm): PTH plôška 2 [GND] z P1
[clearance]: Izolačná medzera porušenia ( odstup/minimálna vzdialenosť 0.2000 mm; aktuálna 0.1500 mm)
    Local override; error
    @(149.3000 mm, 96.5000 mm): Plôška 3 [GND] z U10 na F.Cu
    @(149.3000 mm, 97.0000 mm): Plôška 4 [/pH_OUT] z U10 na F.Cu
[clearance]: Izolačná medzera porušenia ( odstup/minimálna vzdialenosť 0.2000 mm; aktuálna 0.1500 mm)
    Local override; error
    @(149.3000 mm, 97.0000 mm): Plôška 4 [/pH_OUT] z U10 na F.Cu
    @(149.3000 mm, 97.5000 mm): Plôška 5 [/ORP_OUT] z U10 na F.Cu
[clearance]: Izolačná medzera porušenia ( odstup/minimálna vzdialenosť 0.2000 mm; aktuálna 0.1500 mm)
    Local override; error
    @(153.5000 mm, 97.5000 mm): Plôška 6 [unconnected-(U10-AIN2-Pad6)] z U10 na F.Cu
    @(153.5000 mm, 97.0000 mm): Plôška 7 [unconnected-(U10-AIN3-Pad7)] z U10 na F.Cu
[clearance]: Izolačná medzera porušenia ( odstup/minimálna vzdialenosť 0.2000 mm; aktuálna 0.1500 mm)
    Local override; error
    @(153.5000 mm, 97.0000 mm): Plôška 7 [unconnected-(U10-AIN3-Pad7)] z U10 na F.Cu
    @(153.5000 mm, 96.5000 mm): Plôška 8 [+3V3] z U10 na F.Cu
[clearance]: Izolačná medzera porušenia ( odstup/minimálna vzdialenosť 0.2000 mm; aktuálna 0.1500 mm)
    Local override; error
    @(153.5000 mm, 96.5000 mm): Plôška 8 [+3V3] z U10 na F.Cu
    @(153.5000 mm, 96.0000 mm): Plôška 9 [/SDA] z U10 na F.Cu
[clearance]: Izolačná medzera porušenia ( odstup/minimálna vzdialenosť 0.2000 mm; aktuálna 0.1500 mm)
    Local override; error
    @(153.5000 mm, 96.0000 mm): Plôška 9 [/SDA] z U10 na F.Cu
    @(153.5000 mm, 95.5000 mm): Plôška 10 [/SCL] z U10 na F.Cu
[clearance]: Izolačná medzera porušenia ( odstup/minimálna vzdialenosť 0.2000 mm; aktuálna 0.0400 mm)
    Local override; error
    @(220.0000 mm, 90.0000 mm): PTH plôška 1 [Net-(P2-Signal)] z P2
    @(220.0000 mm, 87.4600 mm): PTH plôška 2 [GND] z P2
[courtyards_overlap]: Courtyards overlap
    Rule: obmedzenia z nastavenia dosky pre montážne oblasti; error
    @(80.0000 mm, 149.0000 mm): puzdro: D3
    @(80.0000 mm, 152.0000 mm): puzdro: J9
[courtyards_overlap]: Courtyards overlap
    Rule: obmedzenia z nastavenia dosky pre montážne oblasti; error
    @(118.0000 mm, 152.0000 mm): puzdro: J11
    @(122.0000 mm, 149.0000 mm): puzdro: D6
[courtyards_overlap]: Courtyards overlap
    Rule: obmedzenia z nastavenia dosky pre montážne oblasti; error
    @(118.0000 mm, 152.0000 mm): puzdro: J11
    @(134.0000 mm, 149.0000 mm): puzdro: D7
[courtyards_overlap]: Courtyards overlap
    Rule: obmedzenia z nastavenia dosky pre montážne oblasti; error
    @(98.0000 mm, 152.0000 mm): puzdro: J10
    @(94.0000 mm, 149.0000 mm): puzdro: D4
[courtyards_overlap]: Courtyards overlap
    Rule: obmedzenia z nastavenia dosky pre montážne oblasti; error
    @(98.0000 mm, 152.0000 mm): puzdro: J10
    @(108.0000 mm, 149.0000 mm): puzdro: D5
[courtyards_overlap]: Courtyards overlap
    Rule: obmedzenia z nastavenia dosky pre montážne oblasti; error
    @(200.0000 mm, 88.0000 mm): puzdro: R15
    @(196.0000 mm, 88.0000 mm): puzdro: R11
[courtyards_overlap]: Courtyards overlap
    Rule: obmedzenia z nastavenia dosky pre montážne oblasti; error
    @(196.0000 mm, 40.0000 mm): puzdro: R4
    @(200.0000 mm, 40.0000 mm): puzdro: R8
[courtyards_overlap]: Courtyards overlap
    Rule: obmedzenia z nastavenia dosky pre montážne oblasti; error
    @(28.0000 mm, 155.0000 mm): puzdro: J6
    @(28.0000 mm, 118.0000 mm): puzdro: J2
[drill_out_of_range]: Veľkosť diery je mimo rozsah (obmedzenia z nastavenia dosky min. otvor 0.3000 mm; aktuálny 0.2000 mm)
    Rule: obmedzenia z nastavenia dosky; error
    @(85.4950 mm, 89.7400 mm): PTH plôška 39 [GND] z U11
[drill_out_of_range]: Veľkosť diery je mimo rozsah (obmedzenia z nastavenia dosky min. otvor 0.3000 mm; aktuálny 0.2000 mm)
    Rule: obmedzenia z nastavenia dosky; error
    @(85.4950 mm, 88.3400 mm): PTH plôška 39 [GND] z U11
[drill_out_of_range]: Veľkosť diery je mimo rozsah (obmedzenia z nastavenia dosky min. otvor 0.3000 mm; aktuálny 0.2000 mm)
    Rule: obmedzenia z nastavenia dosky; error
    @(84.7950 mm, 90.4400 mm): PTH plôška 39 [GND] z U11
[drill_out_of_range]: Veľkosť diery je mimo rozsah (obmedzenia z nastavenia dosky min. otvor 0.3000 mm; aktuálny 0.2000 mm)
    Rule: obmedzenia z nastavenia dosky; error
    @(84.7950 mm, 89.0400 mm): PTH plôška 39 [GND] z U11
[drill_out_of_range]: Veľkosť diery je mimo rozsah (obmedzenia z nastavenia dosky min. otvor 0.3000 mm; aktuálny 0.2000 mm)
    Rule: obmedzenia z nastavenia dosky; error
    @(84.7950 mm, 87.6400 mm): PTH plôška 39 [GND] z U11
[drill_out_of_range]: Veľkosť diery je mimo rozsah (obmedzenia z nastavenia dosky min. otvor 0.3000 mm; aktuálny 0.2000 mm)
    Rule: obmedzenia z nastavenia dosky; error
    @(84.0950 mm, 89.7400 mm): PTH plôška 39 [GND] z U11
[drill_out_of_range]: Veľkosť diery je mimo rozsah (obmedzenia z nastavenia dosky min. otvor 0.3000 mm; aktuálny 0.2000 mm)
    Rule: obmedzenia z nastavenia dosky; error
    @(84.0950 mm, 88.3400 mm): PTH plôška 39 [GND] z U11
[drill_out_of_range]: Veľkosť diery je mimo rozsah (obmedzenia z nastavenia dosky min. otvor 0.3000 mm; aktuálny 0.2000 mm)
    Rule: obmedzenia z nastavenia dosky; error
    @(83.3950 mm, 90.4400 mm): PTH plôška 39 [GND] z U11
[drill_out_of_range]: Veľkosť diery je mimo rozsah (obmedzenia z nastavenia dosky min. otvor 0.3000 mm; aktuálny 0.2000 mm)
    Rule: obmedzenia z nastavenia dosky; error
    @(83.3950 mm, 89.0400 mm): PTH plôška 39 [GND] z U11
[drill_out_of_range]: Veľkosť diery je mimo rozsah (obmedzenia z nastavenia dosky min. otvor 0.3000 mm; aktuálny 0.2000 mm)
    Rule: obmedzenia z nastavenia dosky; error
    @(83.3950 mm, 87.6400 mm): PTH plôška 39 [GND] z U11
[drill_out_of_range]: Veľkosť diery je mimo rozsah (obmedzenia z nastavenia dosky min. otvor 0.3000 mm; aktuálny 0.2000 mm)
    Rule: obmedzenia z nastavenia dosky; error
    @(82.6950 mm, 89.7400 mm): PTH plôška 39 [GND] z U11
[drill_out_of_range]: Veľkosť diery je mimo rozsah (obmedzenia z nastavenia dosky min. otvor 0.3000 mm; aktuálny 0.2000 mm)
    Rule: obmedzenia z nastavenia dosky; error
    @(82.6950 mm, 88.3400 mm): PTH plôška 39 [GND] z U11
[solder_mask_bridge]: Apertúra prednej spájkovacej masky premosťuje položky s rozdielnymi signálmi
    Rule: minimálna šírka spájkovacej masky z nastavení dosky; error
    @(220.0000 mm, 42.0000 mm): PTH plôška 1 [Net-(P1-Signal)] z P1
    @(220.0000 mm, 39.4600 mm): PTH plôška 2 [GND] z P1
[solder_mask_bridge]: Apertúra zadnej spájkovacej masky premosťuje položky s rozdielnymi signálmi
    Rule: minimálna šírka spájkovacej masky z nastavení dosky; error
    @(220.0000 mm, 42.0000 mm): PTH plôška 1 [Net-(P1-Signal)] z P1
    @(220.0000 mm, 39.4600 mm): PTH plôška 2 [GND] z P1
[solder_mask_bridge]: Apertúra prednej spájkovacej masky premosťuje položky s rozdielnymi signálmi
    Rule: minimálna šírka spájkovacej masky z nastavení dosky; error
    @(149.3000 mm, 95.5000 mm): Plôška 1 [GND] z U10 na F.Cu
    @(149.3000 mm, 96.0000 mm): Plôška 2 [unconnected-(U10-ALRT-Pad2)] z U10 na F.Cu
[solder_mask_bridge]: Apertúra prednej spájkovacej masky premosťuje položky s rozdielnymi signálmi
    Rule: minimálna šírka spájkovacej masky z nastavení dosky; error
    @(149.3000 mm, 96.0000 mm): Plôška 2 [unconnected-(U10-ALRT-Pad2)] z U10 na F.Cu
    @(149.3000 mm, 96.5000 mm): Plôška 3 [GND] z U10 na F.Cu
[solder_mask_bridge]: Apertúra prednej spájkovacej masky premosťuje položky s rozdielnymi signálmi
    Rule: minimálna šírka spájkovacej masky z nastavení dosky; error
    @(149.3000 mm, 96.5000 mm): Plôška 3 [GND] z U10 na F.Cu
    @(149.3000 mm, 97.0000 mm): Plôška 4 [/pH_OUT] z U10 na F.Cu
[solder_mask_bridge]: Apertúra prednej spájkovacej masky premosťuje položky s rozdielnymi signálmi
    Rule: minimálna šírka spájkovacej masky z nastavení dosky; error
    @(149.3000 mm, 97.0000 mm): Plôška 4 [/pH_OUT] z U10 na F.Cu
    @(149.3000 mm, 97.5000 mm): Plôška 5 [/ORP_OUT] z U10 na F.Cu
[solder_mask_bridge]: Apertúra prednej spájkovacej masky premosťuje položky s rozdielnymi signálmi
    Rule: minimálna šírka spájkovacej masky z nastavení dosky; error
    @(220.0000 mm, 90.0000 mm): PTH plôška 1 [Net-(P2-Signal)] z P2
    @(220.0000 mm, 87.4600 mm): PTH plôška 2 [GND] z P2
[solder_mask_bridge]: Apertúra prednej spájkovacej masky premosťuje položky s rozdielnymi signálmi
    Rule: minimálna šírka spájkovacej masky z nastavení dosky; error
    @(153.5000 mm, 97.5000 mm): Plôška 6 [unconnected-(U10-AIN2-Pad6)] z U10 na F.Cu
    @(153.5000 mm, 97.0000 mm): Plôška 7 [unconnected-(U10-AIN3-Pad7)] z U10 na F.Cu
[solder_mask_bridge]: Apertúra prednej spájkovacej masky premosťuje položky s rozdielnymi signálmi
    Rule: minimálna šírka spájkovacej masky z nastavení dosky; error
    @(153.5000 mm, 97.0000 mm): Plôška 7 [unconnected-(U10-AIN3-Pad7)] z U10 na F.Cu
    @(153.5000 mm, 96.5000 mm): Plôška 8 [+3V3] z U10 na F.Cu
[solder_mask_bridge]: Apertúra prednej spájkovacej masky premosťuje položky s rozdielnymi signálmi
    Rule: minimálna šírka spájkovacej masky z nastavení dosky; error
    @(153.5000 mm, 96.5000 mm): Plôška 8 [+3V3] z U10 na F.Cu
    @(153.5000 mm, 96.0000 mm): Plôška 9 [/SDA] z U10 na F.Cu
[solder_mask_bridge]: Apertúra prednej spájkovacej masky premosťuje položky s rozdielnymi signálmi
    Rule: minimálna šírka spájkovacej masky z nastavení dosky; error
    @(153.5000 mm, 96.0000 mm): Plôška 9 [/SDA] z U10 na F.Cu
    @(153.5000 mm, 95.5000 mm): Plôška 10 [/SCL] z U10 na F.Cu
[solder_mask_bridge]: Apertúra zadnej spájkovacej masky premosťuje položky s rozdielnymi signálmi
    Rule: minimálna šírka spájkovacej masky z nastavení dosky; error
    @(220.0000 mm, 90.0000 mm): PTH plôška 1 [Net-(P2-Signal)] z P2
    @(220.0000 mm, 87.4600 mm): PTH plôška 2 [GND] z P2

** Found 248 unconnected pads **
[unconnected_items]: Missing connection between items
    Local override; error
    @(32.0000 mm, 84.0000 mm): PTH plôška 1 [+12V] z J12
    @(38.0000 mm, 138.3200 mm): PTH plôška 17 [+12V] z J7
[unconnected_items]: Missing connection between items
    Local override; error
    @(47.0500 mm, 84.0000 mm): Plôška 1 [+12V] z C1 na F.Cu
    @(55.0875 mm, 84.0000 mm): Plôška 1 [+12V] z R1 na F.Cu
[unconnected_items]: Missing connection between items
    Local override; error
    @(47.0500 mm, 84.0000 mm): Plôška 1 [+12V] z C1 na F.Cu
    @(32.0000 mm, 84.0000 mm): PTH plôška 1 [+12V] z J12
[unconnected_items]: Missing connection between items
    Local override; error
    @(55.0875 mm, 84.0000 mm): Plôška 1 [+12V] z R1 na F.Cu
    @(90.0000 mm, 56.0000 mm): PTH plôška 1 [+12V] z C7
[unconnected_items]: Missing connection between items
    Local override; error
    @(78.0000 mm, 149.0000 mm): Plôška 1 [+12V] z D3 na F.Cu
    @(80.0000 mm, 152.0000 mm): PTH plôška 1 [+12V] z J9
[unconnected_items]: Missing connection between items
    Local override; error
    @(78.0000 mm, 149.0000 mm): Plôška 1 [+12V] z D3 na F.Cu
    @(38.0000 mm, 138.3200 mm): PTH plôška 17 [+12V] z J7
[unconnected_items]: Missing connection between items
    Local override; error
    @(82.0000 mm, 149.0000 mm): Plôška 2 [+12V] z D3 na F.Cu
    @(80.0000 mm, 152.0000 mm): PTH plôška 1 [+12V] z J9
[unconnected_items]: Missing connection between items
    Local override; error
    @(82.0000 mm, 149.0000 mm): Plôška 2 [+12V] z D3 na F.Cu
    @(81.2600 mm, 134.0000 mm): Plôška 2 [+12V] z Q1 na F.Cu
[unconnected_items]: Missing connection between items
    Local override; error
    @(85.0800 mm, 152.0000 mm): PTH plôška 2 [+12V] z J9
    @(82.0000 mm, 149.0000 mm): Plôška 2 [+12V] z D3 na F.Cu
[unconnected_items]: Missing connection between items
    Local override; error
    @(85.0800 mm, 152.0000 mm): PTH plôška 2 [+12V] z J9
    @(96.0000 mm, 149.0000 mm): Plôška 2 [+12V] z D4 na F.Cu
[unconnected_items]: Missing connection between items
    Local override; error
    @(88.0000 mm, 30.0000 mm): PTH plôška 1 [+12V] z C2
    @(79.0000 mm, 30.2200 mm): PTH plôška 3 [+12V] z U1
[unconnected_items]: Missing connection between items
    Local override; error
    @(88.0000 mm, 30.0000 mm): PTH plôška 1 [+12V] z C2
    @(90.0000 mm, 56.0000 mm): PTH plôška 1 [+12V] z C7
[unconnected_items]: Missing connection between items
    Local override; error
    @(90.0000 mm, 56.0000 mm): PTH plôška 1 [+12V] z C7
    @(100.3500 mm, 55.4600 mm): Plôška 1 [+12V] z U4 na F.Cu
[unconnected_items]: Missing connection between items
    Local override; error
    @(98.0000 mm, 152.0000 mm): PTH plôška 1 [+12V] z J10
    @(96.0000 mm, 149.0000 mm): Plôška 2 [+12V] z D4 na F.Cu
[unconnected_items]: Missing connection between items
    Local override; error
    @(98.0000 mm, 152.0000 mm): PTH plôška 1 [+12V] z J10
    @(103.0800 mm, 152.0000 mm): PTH plôška 2 [+12V] z J10
[unconnected_items]: Missing connection between items
    Local override; error
    @(100.3500 mm, 26.6000 mm): Plôška 1 [+12V] z U2 na F.Cu
    @(88.0000 mm, 30.0000 mm): PTH plôška 1 [+12V] z C2
[unconnected_items]: Missing connection between items
    Local override; error
    @(103.0800 mm, 152.0000 mm): PTH plôška 2 [+12V] z J10
    @(106.0000 mm, 149.0000 mm): Plôška 1 [+12V] z D5 na F.Cu
[unconnected_items]: Missing connection between items
    Local override; error
    @(110.0000 mm, 149.0000 mm): Plôška 2 [+12V] z D5 na F.Cu
    @(106.0000 mm, 149.0000 mm): Plôška 1 [+12V] z D5 na F.Cu
[unconnected_items]: Missing connection between items
    Local override; error
    @(110.0000 mm, 149.0000 mm): Plôška 2 [+12V] z D5 na F.Cu
    @(120.0000 mm, 149.0000 mm): Plôška 1 [+12V] z D6 na F.Cu
[unconnected_items]: Missing connection between items
    Local override; error
    @(120.0000 mm, 149.0000 mm): Plôška 1 [+12V] z D6 na F.Cu
    @(124.0000 mm, 149.0000 mm): Plôška 2 [+12V] z D6 na F.Cu
[unconnected_items]: Missing connection between items
    Local override; error
    @(123.2600 mm, 134.0000 mm): Plôška 2 [+12V] z Q4 na F.Cu
    @(109.2600 mm, 134.0000 mm): Plôška 2 [+12V] z Q3 na F.Cu
[unconnected_items]: Missing connection between items
    Local override; error
    @(131.0875 mm, 143.0000 mm): Plôška 1 [+12V] z R29 na F.Cu
    @(136.0000 mm, 149.0000 mm): Plôška 2 [+12V] z D7 na F.Cu
[unconnected_items]: Missing connection between items
    Local override; error
    @(131.0875 mm, 143.0000 mm): Plôška 1 [+12V] z R29 na F.Cu
    @(124.0000 mm, 149.0000 mm): Plôška 2 [+12V] z D6 na F.Cu
[unconnected_items]: Missing connection between items
    Local override; error
    @(131.0875 mm, 143.0000 mm): Plôška 1 [+12V] z R29 na F.Cu
    @(123.2600 mm, 134.0000 mm): Plôška 2 [+12V] z Q4 na F.Cu
[unconnected_items]: Missing connection between items
    Local override; error
    @(136.0000 mm, 149.0000 mm): Plôška 2 [+12V] z D7 na F.Cu
    @(148.0000 mm, 144.0000 mm): PTH plôška A1 [+12V] z RLY1
[unconnected_items]: Missing connection between items
    Local override; error
    @(155.0500 mm, 26.0000 mm): Plôška 1 [+12V] z C6 na F.Cu
    @(100.3500 mm, 26.6000 mm): Plôška 1 [+12V] z U2 na F.Cu
[unconnected_items]: Missing connection between items
    Local override; error
    @(28.0000 mm, 120.5400 mm): PTH plôška 2 [GND] z J2
    @(40.5400 mm, 120.5400 mm): PTH plôška 4 [GND] z J7
[unconnected_items]: Missing connection between items
    Local override; error
    @(35.0000 mm, 92.0000 mm): PTH plôška 3 [GND] z J3
    @(35.0000 mm, 100.0000 mm): PTH plôška 3 [GND] z J4
[unconnected_items]: Missing connection between items
    Local override; error
    @(35.0000 mm, 108.0000 mm): PTH plôška 3 [GND] z J5
    @(35.0000 mm, 100.0000 mm): PTH plôška 3 [GND] z J4
[unconnected_items]: Missing connection between items
    Local override; error
    @(37.0800 mm, 84.0000 mm): PTH plôška 2 [GND] z J12
    @(35.0000 mm, 92.0000 mm): PTH plôška 3 [GND] z J3
[unconnected_items]: Missing connection between items
    Local override; error
    @(38.0000 mm, 140.8600 mm): PTH plôška 19 [GND] z J7
    @(40.5400 mm, 140.8600 mm): PTH plôška 20 [GND] z J7
[unconnected_items]: Missing connection between items
    Local override; error
    @(38.0000 mm, 140.8600 mm): PTH plôška 19 [GND] z J7
    @(33.0000 mm, 155.0000 mm): PTH plôška 3 [GND] z J6
[unconnected_items]: Missing connection between items
    Local override; error
    @(40.5400 mm, 118.0000 mm): PTH plôška 2 [GND] z J7
    @(40.5400 mm, 120.5400 mm): PTH plôška 4 [GND] z J7
[unconnected_items]: Missing connection between items
    Local override; error
    @(40.5400 mm, 118.0000 mm): PTH plôška 2 [GND] z J7
    @(35.0000 mm, 108.0000 mm): PTH plôška 3 [GND] z J5
[unconnected_items]: Missing connection between items
    Local override; error
    @(40.5400 mm, 120.5400 mm): PTH plôška 4 [GND] z J7
    @(40.5400 mm, 123.0800 mm): PTH plôška 6 [GND] z J7
[unconnected_items]: Missing connection between items
    Local override; error
    @(40.5400 mm, 123.0800 mm): PTH plôška 6 [GND] z J7
    @(40.5400 mm, 125.6200 mm): PTH plôška 8 [GND] z J7
[unconnected_items]: Missing connection between items
    Local override; error
    @(40.5400 mm, 125.6200 mm): PTH plôška 8 [GND] z J7
    @(40.5400 mm, 128.1600 mm): PTH plôška 10 [GND] z J7
[unconnected_items]: Missing connection between items
    Local override; error
    @(40.5400 mm, 130.7000 mm): PTH plôška 12 [GND] z J7
    @(40.5400 mm, 128.1600 mm): PTH plôška 10 [GND] z J7
[unconnected_items]: Missing connection between items
    Local override; error
    @(40.5400 mm, 133.2400 mm): PTH plôška 14 [GND] z J7
    @(40.5400 mm, 130.7000 mm): PTH plôška 12 [GND] z J7
[unconnected_items]: Missing connection between items
    Local override; error
    @(40.5400 mm, 138.3200 mm): PTH plôška 18 [GND] z J7
    @(40.5400 mm, 140.8600 mm): PTH plôška 20 [GND] z J7
[unconnected_items]: Missing connection between items
    Local override; error
    @(40.5400 mm, 138.3200 mm): PTH plôška 18 [GND] z J7
    @(40.5400 mm, 133.2400 mm): PTH plôška 14 [GND] z J7
[unconnected_items]: Missing connection between items
    Local override; error
    @(48.9500 mm, 84.0000 mm): Plôška 2 [GND] z C1 na F.Cu
    @(37.0800 mm, 84.0000 mm): PTH plôška 2 [GND] z J12
[unconnected_items]: Missing connection between items
    Local override; error
    @(48.9500 mm, 84.0000 mm): Plôška 2 [GND] z C1 na F.Cu
    @(62.9375 mm, 84.0000 mm): Plôška 2 [GND] z D1 na F.Cu
[unconnected_items]: Missing connection between items
    Local override; error
    @(62.9375 mm, 84.0000 mm): Plôška 2 [GND] z D1 na F.Cu
    @(73.8450 mm, 96.7600 mm): Plôška 38 [GND] z U11 na F.Cu
[unconnected_items]: Missing connection between items
    Local override; error
    @(73.8450 mm, 96.7600 mm): Plôška 38 [GND] z U11 na F.Cu
    @(82.6950 mm, 90.4400 mm): Plôška 39 [GND] z U11 na F.Cu
[unconnected_items]: Missing connection between items
    Local override; error
    @(74.9600 mm, 136.2800 mm): Plôška 3 [GND] z Q1 na F.Cu
    @(88.9600 mm, 136.2800 mm): Plôška 3 [GND] z Q2 na F.Cu
[unconnected_items]: Missing connection between items
    Local override; error
    @(88.3100 mm, 79.0000 mm): Plôška 15 [GND] z U11 na F.Cu
    @(85.4950 mm, 87.6400 mm): Plôška 39 [GND] z U11 na F.Cu
[unconnected_items]: Missing connection between items
    Local override; error
    @(88.9500 mm, 124.0000 mm): Plôška 2 [GND] z C28 na F.Cu
    @(82.9500 mm, 124.0000 mm): Plôška 2 [GND] z C27 na F.Cu
[unconnected_items]: Missing connection between items
    Local override; error
    @(88.9500 mm, 124.0000 mm): Plôška 2 [GND] z C28 na F.Cu
    @(88.9600 mm, 136.2800 mm): Plôška 3 [GND] z Q2 na F.Cu
[unconnected_items]: Missing connection between items
    Local override; error
    @(88.9600 mm, 136.2800 mm): Plôška 3 [GND] z Q2 na F.Cu
    @(102.9600 mm, 136.2800 mm): Plôška 3 [GND] z Q3 na F.Cu
[unconnected_items]: Missing connection between items
    Local override; error
    @(91.3450 mm, 96.7600 mm): Plôška 1 [GND] z U11 na F.Cu
    @(85.4950 mm, 90.4400 mm): Plôška 39 [GND] z U11 na F.Cu
[unconnected_items]: Missing connection between items
    Local override; error
    @(91.3450 mm, 96.7600 mm): Plôška 1 [GND] z U11 na F.Cu
    @(88.9500 mm, 124.0000 mm): Plôška 2 [GND] z C28 na F.Cu
[unconnected_items]: Missing connection between items
    Local override; error
    @(92.5000 mm, 56.0000 mm): PTH plôška 2 [GND] z C7
    @(96.9500 mm, 64.0000 mm): Plôška 2 [GND] z C8 na F.Cu
[unconnected_items]: Missing connection between items
    Local override; error
    @(93.0000 mm, 30.0000 mm): PTH plôška 2 [GND] z C2
    @(100.3500 mm, 30.0000 mm): Plôška 3 [GND] z U2 na F.Cu
[unconnected_items]: Missing connection between items
    Local override; error
    @(93.0000 mm, 30.0000 mm): PTH plôška 2 [GND] z C2
    @(79.0000 mm, 37.8400 mm): PTH plôška 6 [GND] z U1
[unconnected_items]: Missing connection between items
    Local override; error
    @(94.9500 mm, 124.0000 mm): Plôška 2 [GND] z C26 na F.Cu
    @(88.9500 mm, 124.0000 mm): Plôška 2 [GND] z C28 na F.Cu
[unconnected_items]: Missing connection between items
    Local override; error
    @(96.6000 mm, 44.0000 mm): Plôška 1 [GND] z D2 na F.Cu
    @(92.5000 mm, 56.0000 mm): PTH plôška 2 [GND] z C7
[unconnected_items]: Missing connection between items
    Local override; error
    @(96.9500 mm, 64.0000 mm): Plôška 2 [GND] z C8 na F.Cu
    @(109.5000 mm, 58.0000 mm): Plôška 2 [GND] z U4 na F.Cu
[unconnected_items]: Missing connection between items
    Local override; error
    @(96.9500 mm, 64.0000 mm): Plôška 2 [GND] z C8 na F.Cu
    @(88.3100 mm, 79.0000 mm): Plôška 15 [GND] z U11 na F.Cu
[unconnected_items]: Missing connection between items
    Local override; error
    @(100.3500 mm, 33.4000 mm): Plôška 5 [GND] z U2 na F.Cu
    @(100.3500 mm, 30.0000 mm): Plôška 3 [GND] z U2 na F.Cu
[unconnected_items]: Missing connection between items
    Local override; error
    @(100.3500 mm, 33.4000 mm): Plôška 5 [GND] z U2 na F.Cu
    @(96.6000 mm, 44.0000 mm): Plôška 1 [GND] z D2 na F.Cu
[unconnected_items]: Missing connection between items
    Local override; error
    @(102.9600 mm, 136.2800 mm): Plôška 3 [GND] z Q3 na F.Cu
    @(104.9125 mm, 140.0000 mm): Plôška 2 [GND] z R24 na F.Cu
[unconnected_items]: Missing connection between items
    Local override; error
    @(104.9125 mm, 143.0000 mm): Plôška 2 [GND] z R25 na F.Cu
    @(104.9125 mm, 140.0000 mm): Plôška 2 [GND] z R24 na F.Cu
[unconnected_items]: Missing connection between items
    Local override; error
    @(106.8625 mm, 72.0000 mm): Plôška 2 [GND] z U5 na F.Cu
    @(96.9500 mm, 64.0000 mm): Plôška 2 [GND] z C8 na F.Cu
[unconnected_items]: Missing connection between items
    Local override; error
    @(109.5000 mm, 30.0000 mm): Plôška 3 [GND] z U2 na F.Cu
    @(100.3500 mm, 30.0000 mm): Plôška 3 [GND] z U2 na F.Cu
[unconnected_items]: Missing connection between items
    Local override; error
    @(116.9600 mm, 136.2800 mm): Plôška 3 [GND] z Q4 na F.Cu
    @(112.0000 mm, 125.6200 mm): PTH plôška 4 [GND] z J8
[unconnected_items]: Missing connection between items
    Local override; error
    @(116.9600 mm, 136.2800 mm): Plôška 3 [GND] z Q4 na F.Cu
    @(104.9125 mm, 140.0000 mm): Plôška 2 [GND] z R24 na F.Cu
[unconnected_items]: Missing connection between items
    Local override; error
    @(118.9125 mm, 140.0000 mm): Plôška 2 [GND] z R26 na F.Cu
    @(118.9125 mm, 143.0000 mm): Plôška 2 [GND] z R27 na F.Cu
[unconnected_items]: Missing connection between items
    Local override; error
    @(118.9125 mm, 140.0000 mm): Plôška 2 [GND] z R26 na F.Cu
    @(116.9600 mm, 136.2800 mm): Plôška 3 [GND] z Q4 na F.Cu
[unconnected_items]: Missing connection between items
    Local override; error
    @(118.9500 mm, 72.0000 mm): Plôška 2 [GND] z C12 na F.Cu
    @(124.5000 mm, 64.0000 mm): PTH plôška 2 [GND] z C10
[unconnected_items]: Missing connection between items
    Local override; error
    @(118.9500 mm, 72.0000 mm): Plôška 2 [GND] z C12 na F.Cu
    @(106.8625 mm, 72.0000 mm): Plôška 2 [GND] z U5 na F.Cu
[unconnected_items]: Missing connection between items
    Local override; error
    @(124.5000 mm, 56.0000 mm): PTH plôška 2 [GND] z C9
    @(124.5000 mm, 64.0000 mm): PTH plôška 2 [GND] z C10
[unconnected_items]: Missing connection between items
    Local override; error
    @(124.5000 mm, 56.0000 mm): PTH plôška 2 [GND] z C9
    @(127.4750 mm, 44.0000 mm): Plôška 2 [GND] z C5 na F.Cu
[unconnected_items]: Missing connection between items
    Local override; error
    @(129.5000 mm, 30.0000 mm): PTH plôška 2 [GND] z C3
    @(127.4750 mm, 44.0000 mm): Plôška 2 [GND] z C5 na F.Cu
[unconnected_items]: Missing connection between items
    Local override; error
    @(133.2500 mm, 135.2700 mm): Plôška 2 [GND] z U12 na F.Cu
    @(138.7500 mm, 135.2700 mm): Plôška 3 [GND] z U12 na F.Cu
[unconnected_items]: Missing connection between items
    Local override; error
    @(133.2500 mm, 135.2700 mm): Plôška 2 [GND] z U12 na F.Cu
    @(118.9125 mm, 140.0000 mm): Plôška 2 [GND] z R26 na F.Cu
[unconnected_items]: Missing connection between items
    Local override; error
    @(140.9500 mm, 26.0000 mm): Plôška 2 [GND] z C4 na F.Cu
    @(144.8500 mm, 27.7000 mm): Plôška 1 [GND] z U3 na F.Cu
[unconnected_items]: Missing connection between items
    Local override; error
    @(140.9500 mm, 26.0000 mm): Plôška 2 [GND] z C4 na F.Cu
    @(129.5000 mm, 30.0000 mm): PTH plôška 2 [GND] z C3
[unconnected_items]: Missing connection between items
    Local override; error
    @(149.3000 mm, 95.5000 mm): Plôška 1 [GND] z U10 na F.Cu
    @(149.3000 mm, 96.5000 mm): Plôška 3 [GND] z U10 na F.Cu
[unconnected_items]: Missing connection between items
    Local override; error
    @(152.3500 mm, 90.5000 mm): Plôška 2 [GND] z C25 na F.Cu
    @(149.3000 mm, 95.5000 mm): Plôška 1 [GND] z U10 na F.Cu
[unconnected_items]: Missing connection between items
    Local override; error
    @(152.3500 mm, 90.5000 mm): Plôška 2 [GND] z C25 na F.Cu
    @(170.9500 mm, 94.0000 mm): Plôška 2 [GND] z C21 na F.Cu
[unconnected_items]: Missing connection between items
    Local override; error
    @(156.9500 mm, 26.0000 mm): Plôška 2 [GND] z C6 na F.Cu
    @(144.8500 mm, 27.7000 mm): Plôška 1 [GND] z U3 na F.Cu
[unconnected_items]: Missing connection between items
    Local override; error
    @(170.9500 mm, 28.0000 mm): Plôška 2 [GND] z C13 na F.Cu
    @(170.9500 mm, 40.0000 mm): Plôška 2 [GND] z C15 na F.Cu
[unconnected_items]: Missing connection between items
    Local override; error
    @(170.9500 mm, 28.0000 mm): Plôška 2 [GND] z C13 na F.Cu
    @(156.9500 mm, 26.0000 mm): Plôška 2 [GND] z C6 na F.Cu
[unconnected_items]: Missing connection between items
    Local override; error
    @(170.9500 mm, 40.0000 mm): Plôška 2 [GND] z C15 na F.Cu
    @(170.9500 mm, 46.0000 mm): Plôška 2 [GND] z C16 na F.Cu
[unconnected_items]: Missing connection between items
    Local override; error
    @(170.9500 mm, 52.0000 mm): Plôška 2 [GND] z C17 na F.Cu
    @(170.9500 mm, 46.0000 mm): Plôška 2 [GND] z C16 na F.Cu
[unconnected_items]: Missing connection between items
    Local override; error
    @(170.9500 mm, 76.0000 mm): Plôška 2 [GND] z C18 na F.Cu
    @(170.9500 mm, 82.0000 mm): Plôška 2 [GND] z C19 na F.Cu
[unconnected_items]: Missing connection between items
    Local override; error
    @(170.9500 mm, 76.0000 mm): Plôška 2 [GND] z C18 na F.Cu
    @(170.9500 mm, 52.0000 mm): Plôška 2 [GND] z C17 na F.Cu
[unconnected_items]: Missing connection between items
    Local override; error
    @(170.9500 mm, 82.0000 mm): Plôška 2 [GND] z C19 na F.Cu
    @(170.9500 mm, 94.0000 mm): Plôška 2 [GND] z C21 na F.Cu
[unconnected_items]: Missing connection between items
    Local override; error
    @(170.9500 mm, 94.0000 mm): Plôška 2 [GND] z C21 na F.Cu
    @(196.9125 mm, 96.0000 mm): Plôška 2 [GND] z R12 na F.Cu
[unconnected_items]: Missing connection between items
    Local override; error
    @(170.9500 mm, 100.0000 mm): Plôška 2 [GND] z C22 na F.Cu
    @(170.9500 mm, 94.0000 mm): Plôška 2 [GND] z C21 na F.Cu
[unconnected_items]: Missing connection between items
    Local override; error
    @(196.9125 mm, 48.0000 mm): Plôška 2 [GND] z R5 na F.Cu
    @(200.9125 mm, 40.0000 mm): Plôška 2 [GND] z R8 na F.Cu
[unconnected_items]: Missing connection between items
    Local override; error
    @(196.9125 mm, 48.0000 mm): Plôška 2 [GND] z R5 na F.Cu
    @(170.9500 mm, 46.0000 mm): Plôška 2 [GND] z C16 na F.Cu
[unconnected_items]: Missing connection between items
    Local override; error
    @(196.9125 mm, 96.0000 mm): Plôška 2 [GND] z R12 na F.Cu
    @(200.9125 mm, 88.0000 mm): Plôška 2 [GND] z R15 na F.Cu
[unconnected_items]: Missing connection between items
    Local override; error
    @(204.9500 mm, 82.0000 mm): Plôška 2 [GND] z C24 na F.Cu
    @(204.9500 mm, 76.0000 mm): Plôška 2 [GND] z C23 na F.Cu
[unconnected_items]: Missing connection between items
    Local override; error
    @(204.9500 mm, 82.0000 mm): Plôška 2 [GND] z C24 na F.Cu
    @(200.9125 mm, 88.0000 mm): Plôška 2 [GND] z R15 na F.Cu
[unconnected_items]: Missing connection between items
    Local override; error
    @(220.0000 mm, 39.4600 mm): PTH plôška 2 [GND] z P1
    @(200.9125 mm, 40.0000 mm): Plôška 2 [GND] z R8 na F.Cu
[unconnected_items]: Missing connection between items
    Local override; error
    @(220.0000 mm, 87.4600 mm): PTH plôška 2 [GND] z P2
    @(225.0800 mm, 95.0800 mm): PTH plôška 2 [GND] z P2
[unconnected_items]: Missing connection between items
    Local override; error
    @(220.0000 mm, 87.4600 mm): PTH plôška 2 [GND] z P2
    @(204.9500 mm, 82.0000 mm): Plôška 2 [GND] z C24 na F.Cu
[unconnected_items]: Missing connection between items
    Local override; error
    @(225.0800 mm, 36.9200 mm): PTH plôška 2 [GND] z P1
    @(220.0000 mm, 39.4600 mm): PTH plôška 2 [GND] z P1
[unconnected_items]: Missing connection between items
    Local override; error
    @(225.0800 mm, 47.0800 mm): PTH plôška 2 [GND] z P1
    @(220.0000 mm, 39.4600 mm): PTH plôška 2 [GND] z P1
[unconnected_items]: Missing connection between items
    Local override; error
    @(225.0800 mm, 84.9200 mm): PTH plôška 2 [GND] z P2
    @(220.0000 mm, 87.4600 mm): PTH plôška 2 [GND] z P2
[unconnected_items]: Missing connection between items
    Local override; error
    @(28.0000 mm, 155.0000 mm): PTH plôška 1 [+3V3] z J6
    @(38.0000 mm, 135.7800 mm): PTH plôška 15 [+3V3] z J7
[unconnected_items]: Missing connection between items
    Local override; error
    @(30.0000 mm, 92.0000 mm): PTH plôška 1 [+3V3] z J3
    @(30.0000 mm, 100.0000 mm): PTH plôška 1 [+3V3] z J4
[unconnected_items]: Missing connection between items
    Local override; error
    @(30.0000 mm, 100.0000 mm): PTH plôška 1 [+3V3] z J4
    @(30.0000 mm, 108.0000 mm): PTH plôška 1 [+3V3] z J5
[unconnected_items]: Missing connection between items
    Local override; error
    @(30.0000 mm, 108.0000 mm): PTH plôška 1 [+3V3] z J5
    @(28.0000 mm, 118.0000 mm): PTH plôška 1 [+3V3] z J2
[unconnected_items]: Missing connection between items
    Local override; error
    @(30.0000 mm, 108.0000 mm): PTH plôška 1 [+3V3] z J5
    @(49.0875 mm, 114.0000 mm): Plôška 1 [+3V3] z R16 na F.Cu
[unconnected_items]: Missing connection between items
    Local override; error
    @(49.0875 mm, 120.0000 mm): Plôška 1 [+3V3] z R17 na F.Cu
    @(49.0875 mm, 114.0000 mm): Plôška 1 [+3V3] z R16 na F.Cu
[unconnected_items]: Missing connection between items
    Local override; error
    @(54.5675 mm, 135.0000 mm): Plôška 1 [+3V3] z R19 na F.Cu
    @(49.0875 mm, 120.0000 mm): Plôška 1 [+3V3] z R17 na F.Cu
[unconnected_items]: Missing connection between items
    Local override; error
    @(54.5675 mm, 135.0000 mm): Plôška 1 [+3V3] z R19 na F.Cu
    @(38.0000 mm, 135.7800 mm): PTH plôška 15 [+3V3] z J7
[unconnected_items]: Missing connection between items
    Local override; error
    @(81.0500 mm, 124.0000 mm): Plôška 1 [+3V3] z C27 na F.Cu
    @(54.5675 mm, 135.0000 mm): Plôška 1 [+3V3] z R19 na F.Cu
[unconnected_items]: Missing connection between items
    Local override; error
    @(91.3450 mm, 95.4900 mm): Plôška 2 [+3V3] z U11 na F.Cu
    @(93.0500 mm, 124.0000 mm): Plôška 1 [+3V3] z C26 na F.Cu
[unconnected_items]: Missing connection between items
    Local override; error
    @(93.0500 mm, 124.0000 mm): Plôška 1 [+3V3] z C26 na F.Cu
    @(99.0875 mm, 124.0000 mm): Plôška 1 [+3V3] z R18 na F.Cu
[unconnected_items]: Missing connection between items
    Local override; error
    @(93.0500 mm, 124.0000 mm): Plôška 1 [+3V3] z C26 na F.Cu
    @(81.0500 mm, 124.0000 mm): Plôška 1 [+3V3] z C27 na F.Cu
[unconnected_items]: Missing connection between items
    Local override; error
    @(99.0875 mm, 124.0000 mm): Plôška 1 [+3V3] z R18 na F.Cu
    @(112.0000 mm, 118.0000 mm): PTH plôška 1 [+3V3] z J8
[unconnected_items]: Missing connection between items
    Local override; error
    @(112.0000 mm, 118.0000 mm): PTH plôška 1 [+3V3] z J8
    @(153.5000 mm, 96.5000 mm): Plôška 8 [+3V3] z U10 na F.Cu
[unconnected_items]: Missing connection between items
    Local override; error
    @(124.5250 mm, 44.0000 mm): Plôška 1 [+3V3] z C5 na F.Cu
    @(144.8500 mm, 30.0000 mm): Plôška 2 [+3V3] z U3 na F.Cu
[unconnected_items]: Missing connection between items
    Local override; error
    @(124.5250 mm, 44.0000 mm): Plôška 1 [+3V3] z C5 na F.Cu
    @(150.4500 mm, 90.5000 mm): Plôška 1 [+3V3] z C25 na F.Cu
[unconnected_items]: Missing connection between items
    Local override; error
    @(151.1500 mm, 30.0000 mm): Plôška 2 [+3V3] z U3 na F.Cu
    @(144.8500 mm, 30.0000 mm): Plôška 2 [+3V3] z U3 na F.Cu
[unconnected_items]: Missing connection between items
    Local override; error
    @(153.5000 mm, 96.5000 mm): Plôška 8 [+3V3] z U10 na F.Cu
    @(158.4875 mm, 96.5000 mm): Plôška 1 [+3V3] z R31 na F.Cu
[unconnected_items]: Missing connection between items
    Local override; error
    @(153.5000 mm, 96.5000 mm): Plôška 8 [+3V3] z U10 na F.Cu
    @(150.4500 mm, 90.5000 mm): Plôška 1 [+3V3] z C25 na F.Cu
[unconnected_items]: Missing connection between items
    Local override; error
    @(30.5000 mm, 155.0000 mm): PTH plôška 2 [/ONEWIRE_DATA] z J6
    @(32.5000 mm, 108.0000 mm): PTH plôška 2 [/ONEWIRE_DATA] z J5
[unconnected_items]: Missing connection between items
    Local override; error
    @(32.5000 mm, 92.0000 mm): PTH plôška 2 [/ONEWIRE_DATA] z J3
    @(32.5000 mm, 100.0000 mm): PTH plôška 2 [/ONEWIRE_DATA] z J4
[unconnected_items]: Missing connection between items
    Local override; error
    @(32.5000 mm, 108.0000 mm): PTH plôška 2 [/ONEWIRE_DATA] z J5
    @(32.5000 mm, 100.0000 mm): PTH plôška 2 [/ONEWIRE_DATA] z J4
[unconnected_items]: Missing connection between items
    Local override; error
    @(73.8450 mm, 85.3300 mm): Plôška 29 [/ONEWIRE_DATA] z U11 na F.Cu
    @(32.5000 mm, 92.0000 mm): PTH plôška 2 [/ONEWIRE_DATA] z J3
[unconnected_items]: Missing connection between items
    Local override; error
    @(160.3125 mm, 96.5000 mm): Plôška 2 [/ONEWIRE_DATA] z R31 na F.Cu
    @(73.8450 mm, 85.3300 mm): Plôška 29 [/ONEWIRE_DATA] z U11 na F.Cu
[unconnected_items]: Missing connection between items
    Local override; error
    @(91.3450 mm, 82.7900 mm): Plôška 12 [/SCL] z U11 na F.Cu
    @(50.9125 mm, 120.0000 mm): Plôška 2 [/SCL] z R17 na F.Cu
[unconnected_items]: Missing connection between items
    Local override; error
    @(153.5000 mm, 95.5000 mm): Plôška 10 [/SCL] z U10 na F.Cu
    @(91.3450 mm, 82.7900 mm): Plôška 12 [/SCL] z U11 na F.Cu
[unconnected_items]: Missing connection between items
    Local override; error
    @(169.0500 mm, 28.0000 mm): Plôška 1 [Net-(U6-IN-)] z C13 na F.Cu
    @(180.0000 mm, 32.5400 mm): PTH plôška 2 [Net-(U6-IN-)] z U6
[unconnected_items]: Missing connection between items
    Local override; error
    @(180.0000 mm, 32.5400 mm): PTH plôška 2 [Net-(U6-IN-)] z U6
    @(196.9125 mm, 28.0000 mm): Plôška 2 [Net-(U6-IN-)] z R2 na F.Cu
[unconnected_items]: Missing connection between items
    Local override; error
    @(169.0500 mm, 34.0000 mm): Plôška 1 [Net-(U6-IN+)] z C14 na F.Cu
    @(180.0000 mm, 35.0800 mm): PTH plôška 3 [Net-(U6-IN+)] z U6
[unconnected_items]: Missing connection between items
    Local override; error
    @(180.0000 mm, 35.0800 mm): PTH plôška 3 [Net-(U6-IN+)] z U6
    @(195.0875 mm, 32.0000 mm): Plôška 1 [Net-(U6-IN+)] z R3 na F.Cu
[unconnected_items]: Missing connection between items
    Local override; error
    @(169.0500 mm, 46.0000 mm): Plôška 1 [-5V_AN] z C16 na F.Cu
    @(131.0625 mm, 56.0000 mm): Plôška 2 [-5V_AN] z FB2 na F.Cu
[unconnected_items]: Missing connection between items
    Local override; error
    @(169.0500 mm, 76.0000 mm): Plôška 1 [-5V_AN] z C18 na F.Cu
    @(180.0000 mm, 53.6200 mm): PTH plôška 4 [-5V_AN] z U7
[unconnected_items]: Missing connection between items
    Local override; error
    @(169.0500 mm, 100.0000 mm): Plôška 1 [-5V_AN] z C22 na F.Cu
    @(180.0000 mm, 101.6200 mm): PTH plôška 4 [-5V_AN] z U9
[unconnected_items]: Missing connection between items
    Local override; error
    @(180.0000 mm, 37.6200 mm): PTH plôška 4 [-5V_AN] z U6
    @(169.0500 mm, 46.0000 mm): Plôška 1 [-5V_AN] z C16 na F.Cu
[unconnected_items]: Missing connection between items
    Local override; error
    @(180.0000 mm, 53.6200 mm): PTH plôška 4 [-5V_AN] z U7
    @(169.0500 mm, 46.0000 mm): Plôška 1 [-5V_AN] z C16 na F.Cu
[unconnected_items]: Missing connection between items
    Local override; error
    @(180.0000 mm, 85.6200 mm): PTH plôška 4 [-5V_AN] z U8
    @(169.0500 mm, 76.0000 mm): Plôška 1 [-5V_AN] z C18 na F.Cu
[unconnected_items]: Missing connection between items
    Local override; error
    @(180.0000 mm, 85.6200 mm): PTH plôška 4 [-5V_AN] z U8
    @(203.0500 mm, 82.0000 mm): Plôška 1 [-5V_AN] z C24 na F.Cu
[unconnected_items]: Missing connection between items
    Local override; error
    @(180.0000 mm, 101.6200 mm): PTH plôška 4 [-5V_AN] z U9
    @(180.0000 mm, 85.6200 mm): PTH plôška 4 [-5V_AN] z U8
[unconnected_items]: Missing connection between items
    Local override; error
    @(170.9500 mm, 34.0000 mm): Plôška 2 [Net-(U6-OUT)] z C14 na F.Cu
    @(187.6200 mm, 35.0800 mm): PTH plôška 6 [Net-(U6-OUT)] z U6
[unconnected_items]: Missing connection between items
    Local override; error
    @(187.6200 mm, 35.0800 mm): PTH plôška 6 [Net-(U6-OUT)] z U6
    @(199.0875 mm, 34.0000 mm): Plôška 1 [Net-(U6-OUT)] z R7 na F.Cu
[unconnected_items]: Missing connection between items
    Local override; error
    @(135.0625 mm, 44.0000 mm): Plôška 2 [+5V_AN] z FB1 na F.Cu
    @(169.0500 mm, 40.0000 mm): Plôška 1 [+5V_AN] z C15 na F.Cu
[unconnected_items]: Missing connection between items
    Local override; error
    @(135.0625 mm, 44.0000 mm): Plôška 2 [+5V_AN] z FB1 na F.Cu
    @(106.8625 mm, 71.0500 mm): Plôška 1 [+5V_AN] z U5 na F.Cu
[unconnected_items]: Missing connection between items
    Local override; error
    @(169.0500 mm, 52.0000 mm): Plôška 1 [+5V_AN] z C17 na F.Cu
    @(169.0500 mm, 40.0000 mm): Plôška 1 [+5V_AN] z C15 na F.Cu
[unconnected_items]: Missing connection between items
    Local override; error
    @(169.0500 mm, 94.0000 mm): Plôška 1 [+5V_AN] z C21 na F.Cu
    @(187.6200 mm, 96.5400 mm): PTH plôška 7 [+5V_AN] z U9
[unconnected_items]: Missing connection between items
    Local override; error
    @(187.6200 mm, 48.5400 mm): PTH plôška 7 [+5V_AN] z U7
    @(187.6200 mm, 32.5400 mm): PTH plôška 7 [+5V_AN] z U6
[unconnected_items]: Missing connection between items
    Local override; error
    @(187.6200 mm, 48.5400 mm): PTH plôška 7 [+5V_AN] z U7
    @(169.0500 mm, 52.0000 mm): Plôška 1 [+5V_AN] z C17 na F.Cu
[unconnected_items]: Missing connection between items
    Local override; error
    @(187.6200 mm, 48.5400 mm): PTH plôška 7 [+5V_AN] z U7
    @(203.0500 mm, 76.0000 mm): Plôška 1 [+5V_AN] z C23 na F.Cu
[unconnected_items]: Missing connection between items
    Local override; error
    @(187.6200 mm, 80.5400 mm): PTH plôška 7 [+5V_AN] z U8
    @(187.6200 mm, 96.5400 mm): PTH plôška 7 [+5V_AN] z U9
[unconnected_items]: Missing connection between items
    Local override; error
    @(187.6200 mm, 80.5400 mm): PTH plôška 7 [+5V_AN] z U8
    @(203.0500 mm, 76.0000 mm): Plôška 1 [+5V_AN] z C23 na F.Cu
[unconnected_items]: Missing connection between items
    Local override; error
    @(88.9600 mm, 131.7200 mm): Plôška 1 [Net-(Q2-G)] z Q2 na F.Cu
    @(76.9125 mm, 143.0000 mm): Plôška 2 [Net-(Q2-G)] z R21 na F.Cu
[unconnected_items]: Missing connection between items
    Local override; error
    @(103.0875 mm, 143.0000 mm): Plôška 1 [Net-(Q2-G)] z R25 na F.Cu
    @(88.9600 mm, 131.7200 mm): Plôška 1 [Net-(Q2-G)] z Q2 na F.Cu
[unconnected_items]: Missing connection between items
    Local override; error
    @(56.3925 mm, 135.0000 mm): Plôška 2 [Net-(U11-IO0)] z R19 na F.Cu
    @(73.8450 mm, 80.2500 mm): Plôška 25 [Net-(U11-IO0)] z U11 na F.Cu
[unconnected_items]: Missing connection between items
    Local override; error
    @(122.0000 mm, 64.0000 mm): PTH plôška 1 [Net-(C10-~-Pad1)] z C10
    @(131.0625 mm, 64.0000 mm): Plôška 2 [Net-(C10-~-Pad1)] z L2 na F.Cu
[unconnected_items]: Missing connection between items
    Local override; error
    @(131.0625 mm, 64.0000 mm): Plôška 2 [Net-(C10-~-Pad1)] z L2 na F.Cu
    @(132.9375 mm, 44.0000 mm): Plôška 1 [Net-(C10-~-Pad1)] z FB1 na F.Cu
[unconnected_items]: Missing connection between items
    Local override; error
    @(100.3500 mm, 60.5400 mm): Plôška 3 [Net-(U4-OUT)] z U4 na F.Cu
    @(95.0500 mm, 64.0000 mm): Plôška 1 [Net-(U4-OUT)] z C8 na F.Cu
[unconnected_items]: Missing connection between items
    Local override; error
    @(122.0000 mm, 56.0000 mm): PTH plôška 1 [Net-(U4-OUT)] z C9
    @(100.3500 mm, 60.5400 mm): Plôška 3 [Net-(U4-OUT)] z U4 na F.Cu
[unconnected_items]: Missing connection between items
    Local override; error
    @(128.9375 mm, 64.0000 mm): Plôška 1 [Net-(U4-OUT)] z L2 na F.Cu
    @(122.0000 mm, 56.0000 mm): PTH plôška 1 [Net-(U4-OUT)] z C9
[unconnected_items]: Missing connection between items
    Local override; error
    @(100.3500 mm, 31.7000 mm): Plôška 4 [+5V] z U2 na F.Cu
    @(117.3000 mm, 44.0000 mm): Plôška 2 [+5V] z L1 na F.Cu
[unconnected_items]: Missing connection between items
    Local override; error
    @(117.3000 mm, 44.0000 mm): Plôška 2 [+5V] z L1 na F.Cu
    @(40.5400 mm, 135.7800 mm): PTH plôška 16 [+5V] z J7
[unconnected_items]: Missing connection between items
    Local override; error
    @(126.0000 mm, 30.0000 mm): PTH plôška 1 [+5V] z C3
    @(117.3000 mm, 44.0000 mm): Plôška 2 [+5V] z L1 na F.Cu
[unconnected_items]: Missing connection between items
    Local override; error
    @(139.0500 mm, 26.0000 mm): Plôška 1 [+5V] z C4 na F.Cu
    @(126.0000 mm, 30.0000 mm): PTH plôška 1 [+5V] z C3
[unconnected_items]: Missing connection between items
    Local override; error
    @(144.8500 mm, 32.3000 mm): Plôška 3 [+5V] z U3 na F.Cu
    @(139.0500 mm, 26.0000 mm): Plôška 1 [+5V] z C4 na F.Cu
[unconnected_items]: Missing connection between items
    Local override; error
    @(87.0500 mm, 124.0000 mm): Plôška 1 [Net-(U11-EN)] z C28 na F.Cu
    @(100.9125 mm, 124.0000 mm): Plôška 2 [Net-(U11-EN)] z R18 na F.Cu
[unconnected_items]: Missing connection between items
    Local override; error
    @(91.3450 mm, 94.2200 mm): Plôška 3 [Net-(U11-EN)] z U11 na F.Cu
    @(87.0500 mm, 124.0000 mm): Plôška 1 [Net-(U11-EN)] z C28 na F.Cu
[unconnected_items]: Missing connection between items
    Local override; error
    @(38.0000 mm, 133.2400 mm): PTH plôška 13 [/GPIO36] z J7
    @(91.3450 mm, 92.9500 mm): Plôška 4 [/GPIO36] z U11 na F.Cu
[unconnected_items]: Missing connection between items
    Local override; error
    @(28.0000 mm, 151.0200 mm): PTH plôška 14 [/TOUCH_IRQ] z J2
    @(91.3450 mm, 91.6800 mm): Plôška 5 [/TOUCH_IRQ] z U11 na F.Cu
[unconnected_items]: Missing connection between items
    Local override; error
    @(38.0000 mm, 128.1600 mm): PTH plôška 9 [/GPIO34] z J7
    @(91.3450 mm, 90.4100 mm): Plôška 6 [/GPIO34] z U11 na F.Cu
[unconnected_items]: Missing connection between items
    Local override; error
    @(38.0000 mm, 130.7000 mm): PTH plôška 11 [/GPIO35] z J7
    @(91.3450 mm, 89.1400 mm): Plôška 7 [/GPIO35] z U11 na F.Cu
[unconnected_items]: Missing connection between items
    Local override; error
    @(28.0000 mm, 135.7800 mm): PTH plôška 8 [/TFT_BL] z J2
    @(91.3450 mm, 87.8700 mm): Plôška 8 [/TFT_BL] z U11 na F.Cu
[unconnected_items]: Missing connection between items
    Local override; error
    @(75.0875 mm, 140.0000 mm): Plôška 1 [/MOSFET1_GATE] z R20 na F.Cu
    @(91.3450 mm, 86.6000 mm): Plôška 9 [/MOSFET1_GATE] z U11 na F.Cu
[unconnected_items]: Missing connection between items
    Local override; error
    @(91.3450 mm, 85.3300 mm): Plôška 10 [/RELAY_CTRL] z U11 na F.Cu
    @(131.0875 mm, 140.0000 mm): Plôška 1 [/RELAY_CTRL] z R28 na F.Cu
[unconnected_items]: Missing connection between items
    Local override; error
    @(91.3450 mm, 84.0600 mm): Plôška 11 [/SDA] z U11 na F.Cu
    @(50.9125 mm, 114.0000 mm): Plôška 2 [/SDA] z R16 na F.Cu
[unconnected_items]: Missing connection between items
    Local override; error
    @(153.5000 mm, 96.0000 mm): Plôška 9 [/SDA] z U10 na F.Cu
    @(91.3450 mm, 84.0600 mm): Plôška 11 [/SDA] z U11 na F.Cu
[unconnected_items]: Missing connection between items
    Local override; error
    @(89.0875 mm, 143.0000 mm): Plôška 1 [/MOSFET4_GATE] z R23 na F.Cu
    @(91.3450 mm, 81.5200 mm): Plôška 13 [/MOSFET4_GATE] z U11 na F.Cu
[unconnected_items]: Missing connection between items
    Local override; error
    @(38.0000 mm, 118.0000 mm): PTH plôška 1 [/GPIO12] z J7
    @(91.3450 mm, 80.2500 mm): Plôška 14 [/GPIO12] z U11 na F.Cu
[unconnected_items]: Missing connection between items
    Local override; error
    @(87.0400 mm, 79.0000 mm): Plôška 16 [/MOSFET3_GATE] z U11 na F.Cu
    @(89.0875 mm, 140.0000 mm): Plôška 1 [/MOSFET3_GATE] z R22 na F.Cu
[unconnected_items]: Missing connection between items
    Local override; error
    @(28.0000 mm, 123.0800 mm): PTH plôška 3 [/TFT_CS] z J2
    @(78.1500 mm, 79.0000 mm): Plôška 23 [/TFT_CS] z U11 na F.Cu
[unconnected_items]: Missing connection between items
    Local override; error
    @(28.0000 mm, 128.1600 mm): PTH plôška 5 [/TFT_DC] z J2
    @(76.8800 mm, 79.0000 mm): Plôška 24 [/TFT_DC] z U11 na F.Cu
[unconnected_items]: Missing connection between items
    Local override; error
    @(28.0000 mm, 125.6200 mm): PTH plôška 4 [/TFT_RST] z J2
    @(73.8450 mm, 81.5200 mm): Plôška 26 [/TFT_RST] z U11 na F.Cu
[unconnected_items]: Missing connection between items
    Local override; error
    @(38.0000 mm, 120.5400 mm): PTH plôška 3 [/GPIO16] z J7
    @(73.8450 mm, 82.7900 mm): Plôška 27 [/GPIO16] z U11 na F.Cu
[unconnected_items]: Missing connection between items
    Local override; error
    @(38.0000 mm, 123.0800 mm): PTH plôška 5 [/GPIO17] z J7
    @(73.8450 mm, 84.0600 mm): Plôška 28 [/GPIO17] z U11 na F.Cu
[unconnected_items]: Missing connection between items
    Local override; error
    @(28.0000 mm, 133.2400 mm): PTH plôška 7 [/SPI_SCK] z J2
    @(28.0000 mm, 140.8600 mm): PTH plôška 10 [/SPI_SCK] z J2
[unconnected_items]: Missing connection between items
    Local override; error
    @(73.8450 mm, 86.6000 mm): Plôška 30 [/SPI_SCK] z U11 na F.Cu
    @(28.0000 mm, 133.2400 mm): PTH plôška 7 [/SPI_SCK] z J2
[unconnected_items]: Missing connection between items
    Local override; error
    @(28.0000 mm, 138.3200 mm): PTH plôška 9 [/SPI_MISO] z J2
    @(28.0000 mm, 148.4800 mm): PTH plôška 13 [/SPI_MISO] z J2
[unconnected_items]: Missing connection between items
    Local override; error
    @(73.8450 mm, 87.8700 mm): Plôška 31 [/SPI_MISO] z U11 na F.Cu
    @(28.0000 mm, 138.3200 mm): PTH plôška 9 [/SPI_MISO] z J2
[unconnected_items]: Missing connection between items
    Local override; error
    @(28.0000 mm, 143.4000 mm): PTH plôška 11 [/TOUCH_CS] z J2
    @(73.8450 mm, 90.4100 mm): Plôška 33 [/TOUCH_CS] z U11 na F.Cu
[unconnected_items]: Missing connection between items
    Local override; error
    @(73.8450 mm, 91.6800 mm): Plôška 34 [/UART_RX] z U11 na F.Cu
    @(112.0000 mm, 123.0800 mm): PTH plôška 3 [/UART_RX] z J8
[unconnected_items]: Missing connection between items
    Local override; error
    @(73.8450 mm, 92.9500 mm): Plôška 35 [/UART_TX] z U11 na F.Cu
    @(112.0000 mm, 120.5400 mm): PTH plôška 2 [/UART_TX] z J8
[unconnected_items]: Missing connection between items
    Local override; error
    @(38.0000 mm, 125.6200 mm): PTH plôška 7 [/GPIO22] z J7
    @(73.8450 mm, 94.2200 mm): Plôška 36 [/GPIO22] z U11 na F.Cu
[unconnected_items]: Missing connection between items
    Local override; error
    @(28.0000 mm, 130.7000 mm): PTH plôška 6 [/SPI_MOSI] z J2
    @(28.0000 mm, 145.9400 mm): PTH plôška 12 [/SPI_MOSI] z J2
[unconnected_items]: Missing connection between items
    Local override; error
    @(73.8450 mm, 95.4900 mm): Plôška 37 [/SPI_MOSI] z U11 na F.Cu
    @(28.0000 mm, 130.7000 mm): PTH plôška 6 [/SPI_MOSI] z J2
[unconnected_items]: Missing connection between items
    Local override; error
    @(140.9125 mm, 140.0000 mm): Plôška 2 [Net-(C29-~-Pad1)] z R30 na F.Cu
    @(180.0000 mm, 58.0000 mm): PTH plôška 1 [Net-(C29-~-Pad1)] z C29
[unconnected_items]: Missing connection between items
    Local override; error
    @(32.0000 mm, 70.0000 mm): PTH plôška 1 [/AC_L] z J1
    @(52.0000 mm, 70.0000 mm): PTH plôška 1 [/AC_L] z F1
[unconnected_items]: Missing connection between items
    Local override; error
    @(52.0000 mm, 70.0000 mm): PTH plôška 1 [/AC_L] z F1
    @(52.0000 mm, 75.0800 mm): PTH plôška 1 [/AC_L] z F1
[unconnected_items]: Missing connection between items
    Local override; error
    @(77.5000 mm, 71.6333 mm): PTH plôška 2 [/AC_L] z MOV1
    @(52.0000 mm, 70.0000 mm): PTH plôška 1 [/AC_L] z F1
[unconnected_items]: Missing connection between items
    Local override; error
    @(77.5000 mm, 71.6333 mm): PTH plôška 2 [/AC_L] z MOV1
    @(195.0000 mm, 58.0000 mm): PTH plôška 2 [/AC_L] z C29
[unconnected_items]: Missing connection between items
    Local override; error
    @(173.0000 mm, 144.0000 mm): PTH plôška 14 [/AC_L] z RLY1
    @(195.0000 mm, 58.0000 mm): PTH plôška 2 [/AC_L] z C29
[unconnected_items]: Missing connection between items
    Local override; error
    @(70.0000 mm, 70.0000 mm): PTH plôška 1 [/L_OUT] z MOV1
    @(118.0000 mm, 152.0000 mm): PTH plôška 1 [/L_OUT] z J11
[unconnected_items]: Missing connection between items
    Local override; error
    @(139.0875 mm, 140.0000 mm): Plôška 1 [/L_OUT] z R30 na F.Cu
    @(118.0000 mm, 152.0000 mm): PTH plôška 1 [/L_OUT] z J11
[unconnected_items]: Missing connection between items
    Local override; error
    @(168.0000 mm, 144.0000 mm): PTH plôška 11 [/L_OUT] z RLY1
    @(139.0875 mm, 140.0000 mm): Plôška 1 [/L_OUT] z R30 na F.Cu
[unconnected_items]: Missing connection between items
    Local override; error
    @(28.0000 mm, 53.0800 mm): PTH plôška 2 [/AC_N] z U1
    @(37.0800 mm, 70.0000 mm): PTH plôška 2 [/AC_N] z J1
[unconnected_items]: Missing connection between items
    Local override; error
    @(37.0800 mm, 70.0000 mm): PTH plôška 2 [/AC_N] z J1
    @(123.0800 mm, 152.0000 mm): PTH plôška 2 [/AC_N] z J11
[unconnected_items]: Missing connection between items
    Local override; error
    @(42.1600 mm, 70.0000 mm): PTH plôška 3 [/PE] z J1
    @(128.1600 mm, 152.0000 mm): PTH plôška 3 [/PE] z J11
[unconnected_items]: Missing connection between items
    Local override; error
    @(75.0875 mm, 143.0000 mm): Plôška 1 [/MOSFET2_GATE] z R21 na F.Cu
    @(132.9125 mm, 143.0000 mm): Plôška 2 [/MOSFET2_GATE] z R29 na F.Cu
[unconnected_items]: Missing connection between items
    Local override; error
    @(132.9125 mm, 143.0000 mm): Plôška 2 [/MOSFET2_GATE] z R29 na F.Cu
    @(138.7500 mm, 132.7300 mm): Plôška 4 [/MOSFET2_GATE] z U12 na F.Cu
[unconnected_items]: Missing connection between items
    Local override; error
    @(196.9125 mm, 32.0000 mm): Plôška 2 [Net-(R3-~-Pad2)] z R3 na F.Cu
    @(197.2500 mm, 38.5500 mm): Plôška 1 [Net-(R3-~-Pad2)] z R4 na F.Cu
[unconnected_items]: Missing connection between items
    Local override; error
    @(180.0000 mm, 99.0800 mm): PTH plôška 3 [Net-(U9-IN+)] z U9
    @(200.9125 mm, 82.0000 mm): Plôška 2 [Net-(U9-IN+)] z R14 na F.Cu
[unconnected_items]: Missing connection between items
    Local override; error
    @(200.9125 mm, 82.0000 mm): Plôška 2 [Net-(U9-IN+)] z R14 na F.Cu
    @(199.0875 mm, 76.0000 mm): Plôška 1 [Net-(U9-IN+)] z R13 na F.Cu
[unconnected_items]: Missing connection between items
    Local override; error
    @(149.3000 mm, 97.5000 mm): Plôška 5 [/ORP_OUT] z U10 na F.Cu
    @(187.6200 mm, 99.0800 mm): PTH plôška 6 [/ORP_OUT] z U9
[unconnected_items]: Missing connection between items
    Local override; error
    @(187.6200 mm, 99.0800 mm): PTH plôška 6 [/ORP_OUT] z U9
    @(200.9125 mm, 76.0000 mm): Plôška 2 [/ORP_OUT] z R13 na F.Cu
[unconnected_items]: Missing connection between items
    Local override; error
    @(195.0875 mm, 76.0000 mm): Plôška 1 [Net-(P2-Signal)] z R9 na F.Cu
    @(220.0000 mm, 90.0000 mm): PTH plôška 1 [Net-(P2-Signal)] z P2
[unconnected_items]: Missing connection between items
    Local override; error
    @(74.9600 mm, 131.7200 mm): Plôška 1 [Net-(Q1-G)] z Q1 na F.Cu
    @(76.9125 mm, 140.0000 mm): Plôška 2 [Net-(Q1-G)] z R20 na F.Cu
[unconnected_items]: Missing connection between items
    Local override; error
    @(76.9125 mm, 140.0000 mm): Plôška 2 [Net-(Q1-G)] z R20 na F.Cu
    @(103.0875 mm, 140.0000 mm): Plôška 1 [Net-(Q1-G)] z R24 na F.Cu
[unconnected_items]: Missing connection between items
    Local override; error
    @(180.0000 mm, 96.5400 mm): PTH plôška 2 [Net-(U9-IN-)] z U9
    @(199.0875 mm, 88.0000 mm): Plôška 1 [Net-(U9-IN-)] z R15 na F.Cu
[unconnected_items]: Missing connection between items
    Local override; error
    @(100.3500 mm, 28.3000 mm): Plôška 2 [Net-(D2-A)] z U2 na F.Cu
    @(103.4000 mm, 44.0000 mm): Plôška 2 [Net-(D2-A)] z D2 na F.Cu
[unconnected_items]: Missing connection between items
    Local override; error
    @(103.4000 mm, 44.0000 mm): Plôška 2 [Net-(D2-A)] z D2 na F.Cu
    @(110.7000 mm, 44.0000 mm): Plôška 1 [Net-(D2-A)] z L1 na F.Cu
[unconnected_items]: Missing connection between items
    Local override; error
    @(90.9125 mm, 143.0000 mm): Plôška 2 [Net-(Q4-G)] z R23 na F.Cu
    @(117.0875 mm, 143.0000 mm): Plôška 1 [Net-(Q4-G)] z R27 na F.Cu
[unconnected_items]: Missing connection between items
    Local override; error
    @(117.0875 mm, 143.0000 mm): Plôška 1 [Net-(Q4-G)] z R27 na F.Cu
    @(116.9600 mm, 131.7200 mm): Plôška 1 [Net-(Q4-G)] z Q4 na F.Cu
[unconnected_items]: Missing connection between items
    Local override; error
    @(195.0875 mm, 28.0000 mm): Plôška 1 [Net-(P1-Signal)] z R2 na F.Cu
    @(220.0000 mm, 42.0000 mm): PTH plôška 1 [Net-(P1-Signal)] z P1
[unconnected_items]: Missing connection between items
    Local override; error
    @(102.9600 mm, 131.7200 mm): Plôška 1 [Net-(Q3-G)] z Q3 na F.Cu
    @(90.9125 mm, 140.0000 mm): Plôška 2 [Net-(Q3-G)] z R22 na F.Cu
[unconnected_items]: Missing connection between items
    Local override; error
    @(117.0875 mm, 140.0000 mm): Plôška 1 [Net-(Q3-G)] z R26 na F.Cu
    @(102.9600 mm, 131.7200 mm): Plôška 1 [Net-(Q3-G)] z Q3 na F.Cu
[unconnected_items]: Missing connection between items
    Local override; error
    @(194.7500 mm, 38.5500 mm): Plôška 3 [Net-(R4-Pad3)] z R4 na F.Cu
    @(195.0875 mm, 48.0000 mm): Plôška 1 [Net-(R4-Pad3)] z R5 na F.Cu
[unconnected_items]: Missing connection between items
    Local override; error
    @(95.2600 mm, 134.0000 mm): Plôška 2 [Net-(D4-K)] z Q2 na F.Cu
    @(92.0000 mm, 149.0000 mm): Plôška 1 [Net-(D4-K)] z D4 na F.Cu
[unconnected_items]: Missing connection between items
    Local override; error
    @(95.2600 mm, 134.0000 mm): Plôška 2 [Net-(D4-K)] z Q2 na F.Cu
    @(132.0000 mm, 149.0000 mm): Plôška 1 [Net-(D4-K)] z D7 na F.Cu
[unconnected_items]: Missing connection between items
    Local override; error
    @(132.0000 mm, 149.0000 mm): Plôška 1 [Net-(D4-K)] z D7 na F.Cu
    @(148.0000 mm, 151.5000 mm): PTH plôška A2 [Net-(D4-K)] z RLY1
[unconnected_items]: Missing connection between items
    Local override; error
    @(59.6200 mm, 70.0000 mm): PTH plôška 2 [Net-(U1-AC_L)] z F1
    @(28.0000 mm, 48.0000 mm): PTH plôška 1 [Net-(U1-AC_L)] z U1
[unconnected_items]: Missing connection between items
    Local override; error
    @(59.6200 mm, 75.0800 mm): PTH plôška 2 [Net-(U1-AC_L)] z F1
    @(59.6200 mm, 70.0000 mm): PTH plôška 2 [Net-(U1-AC_L)] z F1
[unconnected_items]: Missing connection between items
    Local override; error
    @(132.9125 mm, 140.0000 mm): Plôška 2 [Net-(U12-A)] z R28 na F.Cu
    @(133.2500 mm, 132.7300 mm): Plôška 1 [Net-(U12-A)] z U12 na F.Cu
[unconnected_items]: Missing connection between items
    Local override; error
    @(169.0500 mm, 82.0000 mm): Plôška 1 [Net-(U8-IN-)] z C19 na F.Cu
    @(180.0000 mm, 80.5400 mm): PTH plôška 2 [Net-(U8-IN-)] z U8
[unconnected_items]: Missing connection between items
    Local override; error
    @(180.0000 mm, 80.5400 mm): PTH plôška 2 [Net-(U8-IN-)] z U8
    @(196.9125 mm, 76.0000 mm): Plôška 2 [Net-(U8-IN-)] z R9 na F.Cu
[unconnected_items]: Missing connection between items
    Local override; error
    @(180.0000 mm, 51.0800 mm): PTH plôška 3 [Net-(U7-IN+)] z U7
    @(200.9125 mm, 34.0000 mm): Plôška 2 [Net-(U7-IN+)] z R7 na F.Cu
[unconnected_items]: Missing connection between items
    Local override; error
    @(200.9125 mm, 34.0000 mm): Plôška 2 [Net-(U7-IN+)] z R7 na F.Cu
    @(199.0875 mm, 28.0000 mm): Plôška 1 [Net-(U7-IN+)] z R6 na F.Cu
[unconnected_items]: Missing connection between items
    Local override; error
    @(56.9125 mm, 84.0000 mm): Plôška 2 [Net-(D1-K)] z R1 na F.Cu
    @(61.0625 mm, 84.0000 mm): Plôška 1 [Net-(D1-K)] z D1 na F.Cu
[unconnected_items]: Missing connection between items
    Local override; error
    @(194.7500 mm, 86.5500 mm): Plôška 3 [Net-(R11-Pad3)] z R11 na F.Cu
    @(195.0875 mm, 96.0000 mm): Plôška 1 [Net-(R11-Pad3)] z R12 na F.Cu
[unconnected_items]: Missing connection between items
    Local override; error
    @(97.0500 mm, 72.0000 mm): Plôška 1 [Net-(U5-C+)] z C11 na F.Cu
    @(106.8625 mm, 72.9500 mm): Plôška 3 [Net-(U5-C+)] z U5 na F.Cu
[unconnected_items]: Missing connection between items
    Local override; error
    @(98.9500 mm, 72.0000 mm): Plôška 2 [Net-(U5-C-)] z C11 na F.Cu
    @(109.1375 mm, 72.9500 mm): Plôška 4 [Net-(U5-C-)] z U5 na F.Cu
[unconnected_items]: Missing connection between items
    Local override; error
    @(180.0000 mm, 48.5400 mm): PTH plôška 2 [Net-(U7-IN-)] z U7
    @(199.0875 mm, 40.0000 mm): Plôška 1 [Net-(U7-IN-)] z R8 na F.Cu
[unconnected_items]: Missing connection between items
    Local override; error
    @(149.3000 mm, 97.0000 mm): Plôška 4 [/pH_OUT] z U10 na F.Cu
    @(187.6200 mm, 51.0800 mm): PTH plôška 6 [/pH_OUT] z U7
[unconnected_items]: Missing connection between items
    Local override; error
    @(187.6200 mm, 51.0800 mm): PTH plôška 6 [/pH_OUT] z U7
    @(200.9125 mm, 28.0000 mm): Plôška 2 [/pH_OUT] z R6 na F.Cu
[unconnected_items]: Missing connection between items
    Local override; error
    @(196.9125 mm, 80.0000 mm): Plôška 2 [Net-(R10-~-Pad2)] z R10 na F.Cu
    @(197.2500 mm, 86.5500 mm): Plôška 1 [Net-(R10-~-Pad2)] z R11 na F.Cu
[unconnected_items]: Missing connection between items
    Local override; error
    @(180.0000 mm, 83.0800 mm): PTH plôška 3 [Net-(U8-IN+)] z U8
    @(169.0500 mm, 88.0000 mm): Plôška 1 [Net-(U8-IN+)] z C20 na F.Cu
[unconnected_items]: Missing connection between items
    Local override; error
    @(195.0875 mm, 80.0000 mm): Plôška 1 [Net-(U8-IN+)] z R10 na F.Cu
    @(180.0000 mm, 83.0800 mm): PTH plôška 3 [Net-(U8-IN+)] z U8
[unconnected_items]: Missing connection between items
    Local override; error
    @(187.6200 mm, 83.0800 mm): PTH plôška 6 [Net-(U8-OUT)] z U8
    @(170.9500 mm, 88.0000 mm): Plôška 2 [Net-(U8-OUT)] z C20 na F.Cu
[unconnected_items]: Missing connection between items
    Local override; error
    @(199.0875 mm, 82.0000 mm): Plôška 1 [Net-(U8-OUT)] z R14 na F.Cu
    @(187.6200 mm, 83.0800 mm): PTH plôška 6 [Net-(U8-OUT)] z U8
[unconnected_items]: Missing connection between items
    Local override; error
    @(109.1375 mm, 71.0500 mm): Plôška 5 [Net-(U5-OUT)] z U5 na F.Cu
    @(117.0500 mm, 72.0000 mm): Plôška 1 [Net-(U5-OUT)] z C12 na F.Cu
[unconnected_items]: Missing connection between items
    Local override; error
    @(117.0500 mm, 72.0000 mm): Plôška 1 [Net-(U5-OUT)] z C12 na F.Cu
    @(128.9375 mm, 56.0000 mm): Plôška 1 [Net-(U5-OUT)] z FB2 na F.Cu

** Found 0 Footprint errors **

** Ignored checks **
    - Footprint has no courtyard defined
    - Track endpoint not centered on via
    - Tuning profile track geometries
    - Footprint doesn't match symbol's footprint filters
    - Footprint component type doesn't match footprint pads

** End of Report **
