ERC report (2026-06-08T14:28:34, Encoding UTF8)
Report includes: Errors

***** Sheet /
[pin_not_connected]: Pin not connected
    ; error
    @(1375 mils, 14643 mils): Symbol R24 Vývod 1 [~, Pasívny, Čiara]
[pin_not_connected]: Pin not connected
    ; error
    @(1800 mils, 14288 mils): Symbol D3 Vývod 1 [K, Pasívny, Čiara]
[pin_not_connected]: Pin not connected
    ; error
    @(2100 mils, 14288 mils): Symbol D3 Vývod 2 [A, Pasívny, Čiara]
[pin_not_connected]: Pin not connected
    ; error
    @(2700 mils, 4328 mils): Symbol U2 Vývod 1 [VIN, Napájací vstup, Čiara]
[power_pin_not_driven]: Input Power pin not driven by any Output Power pins
    ; error
    @(2700 mils, 4328 mils): Symbol U2 Vývod 1 [VIN, Napájací vstup, Čiara]
[pin_not_connected]: Pin not connected
    ; error
    @(2700 mils, 4628 mils): Symbol U2 Vývod 5 [ON/OFF, Vstup, Čiara]
[pin_not_driven]: Input pin not driven by any Output pins
    ; error
    @(2700 mils, 4628 mils): Symbol U2 Vývod 5 [ON/OFF, Vstup, Čiara]
[pin_not_connected]: Pin not connected
    ; error
    @(3600 mils, 4328 mils): Symbol U2 Vývod 2 [OUT, Výstup, Čiara]
[pin_not_connected]: Pin not connected
    ; error
    @(3600 mils, 4628 mils): Symbol U2 Vývod 4 [FB, Vstup, Čiara]
[pin_not_driven]: Input pin not driven by any Output pins
    ; error
    @(3600 mils, 4628 mils): Symbol U2 Vývod 4 [FB, Vstup, Čiara]
[wire_dangling]: Wires not connected to anything
    ; error
    @(3600 mils, 4728 mils): Spoj, dĺžka 1718 mils
    @(5315 mils, 4628 mils): Zvislý, dĺžka 300 mils
[label_dangling]: Label not connected
    ; error
    @(3618 mils, 13580 mils): Označenie 'MOSFET2_GATE'
[pin_not_connected]: Pin not connected
    ; error
    @(3631 mils, 10517 mils): Symbol U11 Vývod 10 [IO25, Obojsmerný, Čiara]
[pin_not_connected]: Pin not connected
    ; error
    @(3631 mils, 11217 mils): Symbol U11 Vývod 6 [IO34, Vstup, Čiara]
[pin_not_driven]: Input pin not driven by any Output pins
    ; error
    @(3631 mils, 11217 mils): Symbol U11 Vývod 6 [IO34, Vstup, Čiara]
[pin_not_connected]: Pin not connected
    ; error
    @(3631 mils, 11517 mils): Symbol U11 Vývod 5 [SVN/IO39, Vstup, Čiara]
[pin_not_driven]: Input pin not driven by any Output pins
    ; error
    @(3631 mils, 11517 mils): Symbol U11 Vývod 5 [SVN/IO39, Vstup, Čiara]
[pin_not_connected]: Pin not connected
    ; error
    @(3737 mils, 14643 mils): Symbol R25 Vývod 1 [~, Pasívny, Čiara]
[pin_to_pin]: Vývody typu Napájací výstup a Napájací výstup sú spojené
    ; error
    @(3796 mils, 2709 mils): Symbol U1 Vývod 6 [GND, Napájací výstup, Čiara]
    @(3550 mils, 6002 mils): Symbol U3 Vývod 2 [VOUT, Napájací výstup, Čiara]
[pin_not_connected]: Pin not connected
    ; error
    @(4031 mils, 12617 mils): Symbol U11 Vývod 39 [GND_PAD, Napájací vstup, Čiara]
[power_pin_not_driven]: Input Power pin not driven by any Output Power pins
    ; error
    @(4031 mils, 12617 mils): Symbol U11 Vývod 39 [GND_PAD, Napájací vstup, Čiara]
[pin_not_connected]: Pin not connected
    ; error
    @(4131 mils, 12617 mils): Symbol U11 Vývod 38 [GND, Napájací vstup, Čiara]
[power_pin_not_driven]: Input Power pin not driven by any Output Power pins
    ; error
    @(4131 mils, 12617 mils): Symbol U11 Vývod 38 [GND, Napájací vstup, Čiara]
[pin_not_connected]: Pin not connected
    ; error
    @(4163 mils, 14288 mils): Symbol D4 Vývod 1 [K, Pasívny, Čiara]
[pin_not_connected]: Pin not connected
    ; error
    @(4231 mils, 12617 mils): Symbol U11 Vývod 15 [GND, Napájací vstup, Čiara]
[power_pin_not_driven]: Input Power pin not driven by any Output Power pins
    ; error
    @(4231 mils, 12617 mils): Symbol U11 Vývod 15 [GND, Napájací vstup, Čiara]
[wire_dangling]: Wires not connected to anything
    ; error
    @(4313 mils, 14438 mils): Zvislý, dĺžka 71 mils
[power_pin_not_driven]: Input Power pin not driven by any Output Power pins
    ; error
    @(4331 mils, 10217 mils): Symbol U11 Vývod 2 [3V3, Napájací vstup, Čiara]
[pin_not_connected]: Pin not connected
    ; error
    @(4463 mils, 14288 mils): Symbol D4 Vývod 2 [A, Pasívny, Čiara]
[pin_to_pin]: Vývody typu Napájací výstup a Napájací výstup sú spojené
    ; error
    @(4646 mils, 5806 mils): Symbol #FLG04 Vývod 1 [Napájací výstup, Čiara]
    @(3550 mils, 6002 mils): Symbol U3 Vývod 2 [VOUT, Napájací výstup, Čiara]
[pin_to_pin]: Vývody typu Napájací výstup a Napájací výstup sú spojené
    ; error
    @(4724 mils, 2212 mils): Symbol #FLG01 Vývod 1 [Napájací výstup, Čiara]
    @(3796 mils, 2409 mils): Symbol U1 Vývod 3 [+12V, Napájací výstup, Čiara]
[pin_to_pin]: Vývody typu Napájací výstup a Napájací výstup sú spojené
    ; error
    @(4724 mils, 2906 mils): Symbol #FLG02 Vývod 1 [Napájací výstup, Čiara]
    @(3796 mils, 2709 mils): Symbol U1 Vývod 6 [GND, Napájací výstup, Čiara]
[pin_not_connected]: Pin not connected
    ; error
    @(5031 mils, 10417 mils): Symbol U11 Vývod 25 [IO0, Obojsmerný, Čiara]
[pin_not_connected]: Pin not connected
    ; error
    @(5031 mils, 10617 mils): Symbol U11 Vývod 24 [IO2, Obojsmerný, Čiara]
[pin_not_connected]: Pin not connected
    ; error
    @(5031 mils, 10717 mils): Symbol U11 Vývod 34 [IO3/RX, Obojsmerný, Čiara]
[pin_not_connected]: Pin not connected
    ; error
    @(5031 mils, 10817 mils): Symbol U11 Vývod 26 [IO4, Obojsmerný, Čiara]
[pin_not_connected]: Pin not connected
    ; error
    @(5031 mils, 10917 mils): Symbol U11 Vývod 29 [IO5, Obojsmerný, Čiara]
[pin_not_connected]: Pin not connected
    ; error
    @(5031 mils, 11117 mils): Symbol U11 Vývod 14 [IO12, Obojsmerný, Čiara]
[pin_not_connected]: Pin not connected
    ; error
    @(5031 mils, 11217 mils): Symbol U11 Vývod 16 [IO13, Obojsmerný, Čiara]
[pin_not_connected]: Pin not connected
    ; error
    @(5031 mils, 11317 mils): Symbol U11 Vývod 13 [IO14, Obojsmerný, Čiara]
[pin_not_connected]: Pin not connected
    ; error
    @(5031 mils, 11417 mils): Symbol U11 Vývod 23 [IO15, Obojsmerný, Čiara]
[pin_not_connected]: Pin not connected
    ; error
    @(5031 mils, 11517 mils): Symbol U11 Vývod 27 [IO16, Obojsmerný, Čiara]
[pin_not_connected]: Pin not connected
    ; error
    @(5031 mils, 11617 mils): Symbol U11 Vývod 28 [IO17, Obojsmerný, Čiara]
[pin_not_connected]: Pin not connected
    ; error
    @(5031 mils, 11717 mils): Symbol U11 Vývod 30 [IO18, Obojsmerný, Čiara]
[pin_not_connected]: Pin not connected
    ; error
    @(5031 mils, 11817 mils): Symbol U11 Vývod 31 [IO19, Obojsmerný, Čiara]
[pin_not_connected]: Pin not connected
    ; error
    @(5031 mils, 11917 mils): Symbol U11 Vývod 33 [IO21, Obojsmerný, Čiara]
[pin_not_connected]: Pin not connected
    ; error
    @(5031 mils, 12017 mils): Symbol U11 Vývod 36 [IO22, Obojsmerný, Čiara]
[pin_not_connected]: Pin not connected
    ; error
    @(5031 mils, 12117 mils): Symbol U11 Vývod 37 [IO23, Obojsmerný, Čiara]
[label_dangling]: Label not connected
    ; error
    @(5118 mils, 2409 mils): Označenie '+12V'
[label_dangling]: Label not connected
    ; error
    @(5228 mils, 10617 mils): Označenie 'TFT_DC'
[label_dangling]: Label not connected
    ; error
    @(5228 mils, 10717 mils): Označenie 'UART_RX'
[label_dangling]: Label not connected
    ; error
    @(5228 mils, 10917 mils): Označenie 'ONEWIRE_DATA'
[label_dangling]: Label not connected
    ; error
    @(5228 mils, 11117 mils): Označenie 'GPIO12'
[label_dangling]: Label not connected
    ; error
    @(5228 mils, 11217 mils): Označenie 'MOSFET3_GATE'
[label_dangling]: Label not connected
    ; error
    @(5228 mils, 11317 mils): Označenie 'MOSFET4_GATE'
[label_dangling]: Label not connected
    ; error
    @(5228 mils, 11417 mils): Označenie 'TFT_CS'
[label_dangling]: Label not connected
    ; error
    @(5228 mils, 11517 mils): Označenie 'GPIO16'
[label_dangling]: Label not connected
    ; error
    @(5228 mils, 12017 mils): Označenie 'GPIO22'
[label_dangling]: Label not connected
    ; error
    @(5228 mils, 12117 mils): Označenie 'SPI_MOSI'
[label_dangling]: Label not connected
    ; error
    @(5236 mils, 4209 mils): Označenie '+5V'
[pin_not_connected]: Pin not connected
    ; error
    @(5518 mils, 13580 mils): Symbol RLY1 Vývod 11 [COM, Pasívny, Čiara]
[pin_not_connected]: Pin not connected
    ; error
    @(5518 mils, 13880 mils): Symbol RLY1 Vývod 12 [NC1, Pasívny, Čiara]
[pin_not_connected]: Pin not connected
    ; error
    @(5518 mils, 14180 mils): Symbol RLY1 Vývod 21 [COM2, Pasívny, Čiara]
[pin_not_connected]: Pin not connected
    ; error
    @(5518 mils, 14280 mils): Symbol RLY1 Vývod 22 [NC2, Pasívny, Čiara]
[pin_not_connected]: Pin not connected
    ; error
    @(5518 mils, 14380 mils): Symbol RLY1 Vývod 24 [NO2, Pasívny, Čiara]
[label_dangling]: Label not connected
    ; error
    @(5636 mils, 13980 mils): Označenie 'AC_L'
[pin_not_connected]: Pin not connected
    ; error
    @(5984 mils, 13461 mils): Symbol R30 Vývod 1 [~, Pasívny, Čiara]
[pin_not_connected]: Pin not connected
    ; error
    @(5984 mils, 14048 mils): Symbol C29 Vývod 2 [~, Pasívny, Čiara]
[pin_not_connected]: Pin not connected
    ; error
    @(6299 mils, 13530 mils): Symbol MOV1 Vývod 1 [~, Pasívny, Čiara]
[pin_not_connected]: Pin not connected
    ; error
    @(6740 mils, 13483 mils): Symbol J11 Vývod 1 [Pin_1, Pasívny, Čiara]
[pin_not_connected]: Pin not connected
    ; error
    @(7280 mils, 14643 mils): Symbol R26 Vývod 1 [~, Pasívny, Čiara]
[pin_not_connected]: Pin not connected
    ; error
    @(7706 mils, 14288 mils): Symbol D5 Vývod 1 [K, Pasívny, Čiara]
[pin_not_connected]: Pin not connected
    ; error
    @(7824 mils, 14367 mils): Symbol #PWR80 Vývod 1 [Napájací vstup, Čiara]
[pin_not_connected]: Pin not connected
    ; error
    @(8021 mils, 14467 mils): Symbol J9 Vývod 2 [Pin_2, Pasívny, Čiara]
[pin_not_connected]: Pin not connected
    ; error
    @(9493 mils, 7380 mils): Symbol U6 Vývod 2 [IN-, Vstup, Čiara]
[pin_not_driven]: Input pin not driven by any Output pins
    ; error
    @(9493 mils, 7380 mils): Symbol U6 Vývod 2 [IN-, Vstup, Čiara]
[pin_not_connected]: Pin not connected
    ; error
    @(9493 mils, 7580 mils): Symbol U6 Vývod 3 [IN+, Vstup, Čiara]
[pin_not_driven]: Input pin not driven by any Output pins
    ; error
    @(9493 mils, 7580 mils): Symbol U6 Vývod 3 [IN+, Vstup, Čiara]
[pin_not_connected]: Pin not connected
    ; error
    @(9493 mils, 10136 mils): Symbol U8 Vývod 2 [IN-, Vstup, Čiara]
[pin_not_driven]: Input pin not driven by any Output pins
    ; error
    @(9493 mils, 10136 mils): Symbol U8 Vývod 2 [IN-, Vstup, Čiara]
[pin_not_connected]: Pin not connected
    ; error
    @(9493 mils, 10336 mils): Symbol U8 Vývod 3 [IN+, Vstup, Čiara]
[pin_not_driven]: Input pin not driven by any Output pins
    ; error
    @(9493 mils, 10336 mils): Symbol U8 Vývod 3 [IN+, Vstup, Čiara]
[pin_not_connected]: Pin not connected
    ; error
    @(9643 mils, 14643 mils): Symbol R27 Vývod 1 [~, Pasívny, Čiara]
[power_pin_not_driven]: Input Power pin not driven by any Output Power pins
    ; error
    @(9793 mils, 7830 mils): Symbol U6 Vývod 4 [V-, Napájací vstup, Čiara]
[power_pin_not_driven]: Input Power pin not driven by any Output Power pins
    ; error
    @(9793 mils, 10586 mils): Symbol U8 Vývod 4 [V-, Napájací vstup, Čiara]
[pin_not_connected]: Pin not connected
    ; error
    @(10068 mils, 14288 mils): Symbol D6 Vývod 1 [K, Pasívny, Čiara]
[pin_not_connected]: Pin not connected
    ; error
    @(10186 mils, 14367 mils): Symbol #PWR84 Vývod 1 [Napájací vstup, Čiara]
[pin_not_connected]: Pin not connected
    ; error
    @(10383 mils, 14467 mils): Symbol J10 Vývod 2 [Pin_2, Pasívny, Čiara]
[pin_not_connected]: Pin not connected
    ; error
    @(10870 mils, 7695 mils): Symbol #PWR36 Vývod 1 [Napájací vstup, Čiara]
[pin_not_connected]: Pin not connected
    ; error
    @(10870 mils, 10451 mils): Symbol #PWR48 Vývod 1 [Napájací vstup, Čiara]
[pin_not_connected]: Pin not connected
    ; error
    @(11067 mils, 7380 mils): Symbol U7 Vývod 2 [IN-, Vstup, Čiara]
[pin_not_driven]: Input pin not driven by any Output pins
    ; error
    @(11067 mils, 7380 mils): Symbol U7 Vývod 2 [IN-, Vstup, Čiara]
[pin_not_connected]: Pin not connected
    ; error
    @(11067 mils, 10136 mils): Symbol U9 Vývod 2 [IN-, Vstup, Čiara]
[pin_not_driven]: Input pin not driven by any Output pins
    ; error
    @(11067 mils, 10136 mils): Symbol U9 Vývod 2 [IN-, Vstup, Čiara]
[power_pin_not_driven]: Input Power pin not driven by any Output Power pins
    ; error
    @(11367 mils, 7830 mils): Symbol U7 Vývod 4 [V-, Napájací vstup, Čiara]
[pin_to_pin]: Vývody typu Výstup a Výstup sú spojené
    ; error
    @(11767 mils, 7480 mils): Symbol U7 Vývod 6 [OUT, Výstup, Čiara]
    @(11767 mils, 10236 mils): Symbol U9 Vývod 6 [OUT, Výstup, Čiara]
[pin_not_connected]: Pin not connected
    ; error
    @(12842 mils, 10424 mils): Symbol J2 Vývod 1 [Pin_1, Pasívny, Čiara]
[pin_not_connected]: Pin not connected
    ; error
    @(12842 mils, 10724 mils): Symbol J2 Vývod 4 [Pin_4, Pasívny, Čiara]
[pin_not_connected]: Pin not connected
    ; error
    @(12842 mils, 11024 mils): Symbol J2 Vývod 7 [Pin_7, Pasívny, Čiara]
[pin_not_connected]: Pin not connected
    ; error
    @(12842 mils, 11324 mils): Symbol J2 Vývod 10 [Pin_10, Pasívny, Čiara]
[pin_not_connected]: Pin not connected
    ; error
    @(12842 mils, 11724 mils): Symbol J2 Vývod 14 [Pin_14, Pasívny, Čiara]
[pin_not_connected]: Pin not connected
    ; error
    @(12842 mils, 12695 mils): Symbol J3 Vývod 1 [Pin_1, Pasívny, Čiara]
[pin_not_connected]: Pin not connected
    ; error
    @(12842 mils, 14073 mils): Symbol J8 Vývod 1 [Pin_1, Pasívny, Čiara]
[pin_not_connected]: Pin not connected
    ; error
    @(12842 mils, 14373 mils): Symbol J8 Vývod 4 [Pin_4, Pasívny, Čiara]
[pin_not_connected]: Pin not connected
    ; error
    @(13426 mils, 7574 mils): Symbol U10 Vývod 4 [AIN0, Vstup, Čiara]
[pin_not_driven]: Input pin not driven by any Output pins
    ; error
    @(13426 mils, 7574 mils): Symbol U10 Vývod 4 [AIN0, Vstup, Čiara]
[pin_not_connected]: Pin not connected
    ; error
    @(13426 mils, 8074 mils): Symbol U10 Vývod 1 [ADDR, Vstup, Čiara]
[pin_not_driven]: Input pin not driven by any Output pins
    ; error
    @(13426 mils, 8074 mils): Symbol U10 Vývod 1 [ADDR, Vstup, Čiara]
[pin_not_connected]: Pin not connected
    ; error
    @(13630 mils, 12695 mils): Symbol J4 Vývod 1 [Pin_1, Pasívny, Čiara]
[pin_not_connected]: Pin not connected
    ; error
    @(14417 mils, 12695 mils): Symbol J5 Vývod 1 [Pin_1, Pasívny, Čiara]
[pin_not_connected]: Pin not connected
    ; error
    @(14526 mils, 7774 mils): Symbol U10 Vývod 10 [SCL, Výstup, Čiara]
[pin_not_connected]: Pin not connected
    ; error
    @(14614 mils, 11474 mils): Symbol #PWR107 Vývod 1 [Napájací vstup, Čiara]
[label_dangling]: Label not connected
    ; error
    @(14644 mils, 7674 mils): Označenie 'SDA'
[label_dangling]: Label not connected
    ; error
    @(14644 mils, 7774 mils): Označenie 'SCL'
[pin_not_connected]: Pin not connected
    ; error
    @(14811 mils, 10574 mils): Symbol J7 Vývod 1 [Pin_1, Pasívny, Čiara]
[pin_not_connected]: Pin not connected
    ; error
    @(14811 mils, 10874 mils): Symbol J7 Vývod 7 [Pin_7, Pasívny, Čiara]
[pin_not_connected]: Pin not connected
    ; error
    @(14811 mils, 11174 mils): Symbol J7 Vývod 13 [Pin_13, Pasívny, Čiara]
[pin_not_connected]: Pin not connected
    ; error
    @(14811 mils, 11474 mils): Symbol J7 Vývod 19 [Pin_19, Pasívny, Čiara]
[pin_not_connected]: Pin not connected
    ; error
    @(14841 mils, 7559 mils): Symbol R16 Vývod 2 [~, Pasívny, Čiara]
[pin_not_connected]: Pin not connected
    ; error
    @(15111 mils, 10574 mils): Symbol J7 Vývod 2 [Pin_2, Pasívny, Čiara]
[pin_not_connected]: Pin not connected
    ; error
    @(15111 mils, 10874 mils): Symbol J7 Vývod 8 [Pin_8, Pasívny, Čiara]
[pin_not_connected]: Pin not connected
    ; error
    @(15111 mils, 11174 mils): Symbol J7 Vývod 14 [Pin_14, Pasívny, Čiara]
[pin_not_connected]: Pin not connected
    ; error
    @(15111 mils, 11474 mils): Symbol J7 Vývod 20 [Pin_20, Pasívny, Čiara]
[pin_not_connected]: Pin not connected
    ; error
    @(15204 mils, 12695 mils): Symbol J6 Vývod 1 [Pin_1, Pasívny, Čiara]
[pin_not_connected]: Pin not connected
    ; error
    @(15307 mils, 10574 mils): Symbol #PWR96 Vývod 1 [Napájací vstup, Čiara]
[pin_not_connected]: Pin not connected
    ; error
    @(15307 mils, 10874 mils): Symbol #PWR99 Vývod 1 [Napájací vstup, Čiara]
[pin_not_connected]: Pin not connected
    ; error
    @(15307 mils, 11174 mils): Symbol #PWR102 Vývod 1 [Napájací vstup, Čiara]
[pin_not_connected]: Pin not connected
    ; error
    @(15307 mils, 11474 mils): Symbol #PWR108 Vývod 1 [Napájací vstup, Čiara]

 ** ERC messages: 128  Errors 128  Warnings 0

 ** Ignored checks:
    - Global label only appears once in the schematic
    - Four connection points are joined together
    - SPICE model issue
    - Assigned footprint doesn't match footprint filters
