ERC report (2026-06-08T13:50:46, Encoding UTF8)
Report includes: Errors

***** Sheet /
[pin_not_connected]: Pin not connected
    ; error
    @(2896 mils, 2709 mils): Symbol U1 Vývod 2 [AC_N, Vstup, Čiara]
[pin_not_driven]: Input pin not driven by any Output pins
    ; error
    @(2896 mils, 2709 mils): Symbol U1 Vývod 2 [AC_N, Vstup, Čiara]
[pin_not_connected]: Pin not connected
    ; error
    @(3355 mils, 10342 mils): Symbol R18 Vývod 2 [~, Pasívny, Čiara]
[pin_not_connected]: Pin not connected
    ; error
    @(3600 mils, 4628 mils): Symbol U2 Vývod 4 [FB, Vstup, Čiara]
[pin_not_driven]: Input pin not driven by any Output pins
    ; error
    @(3600 mils, 4628 mils): Symbol U2 Vývod 4 [FB, Vstup, Čiara]
[label_dangling]: Label not connected
    ; error
    @(3618 mils, 13580 mils): Označenie 'MOSFET2_GATE'
[pin_not_connected]: Pin not connected
    ; error
    @(3631 mils, 11717 mils): Symbol U11 Vývod 17 [SD2, Pasívny, Čiara]
[pin_not_connected]: Pin not connected
    ; error
    @(3631 mils, 11817 mils): Symbol U11 Vývod 18 [SD3, Pasívny, Čiara]
[pin_not_connected]: Pin not connected
    ; error
    @(3631 mils, 11917 mils): Symbol U11 Vývod 19 [CMD, Pasívny, Čiara]
[pin_not_connected]: Pin not connected
    ; error
    @(3631 mils, 12017 mils): Symbol U11 Vývod 20 [CLK, Pasívny, Čiara]
[pin_not_connected]: Pin not connected
    ; error
    @(3631 mils, 12117 mils): Symbol U11 Vývod 21 [SD0, Pasívny, Čiara]
[pin_not_connected]: Pin not connected
    ; error
    @(3631 mils, 12217 mils): Symbol U11 Vývod 22 [SD1, Pasívny, Čiara]
[pin_not_connected]: Pin not connected
    ; error
    @(4031 mils, 12617 mils): Symbol U11 Vývod 39 [GND_PAD, Napájací vstup, Čiara]
[power_pin_not_driven]: Input Power pin not driven by any Output Power pins
    ; error
    @(4031 mils, 12617 mils): Symbol U11 Vývod 39 [GND_PAD, Napájací vstup, Čiara]
[pin_not_connected]: Pin not connected
    ; error
    @(4131 mils, 12617 mils): Symbol U11 Vývod 38 [GND, Napájací vstup, Čiara]
[power_pin_not_driven]: Input Power pin not driven by any Output Power pins
    ; error
    @(4131 mils, 12617 mils): Symbol U11 Vývod 38 [GND, Napájací vstup, Čiara]
[pin_not_connected]: Pin not connected
    ; error
    @(4231 mils, 12617 mils): Symbol U11 Vývod 15 [GND, Napájací vstup, Čiara]
[power_pin_not_driven]: Input Power pin not driven by any Output Power pins
    ; error
    @(4231 mils, 12617 mils): Symbol U11 Vývod 15 [GND, Napájací vstup, Čiara]
[pin_not_connected]: Pin not connected
    ; error
    @(4463 mils, 14288 mils): Symbol D4 Vývod 2 [A, Pasívny, Čiara]
[pin_to_pin]: Vývody typu Napájací výstup a Napájací výstup sú spojené
    ; error
    @(4646 mils, 5806 mils): Symbol #FLG04 Vývod 1 [Napájací výstup, Čiara]
    @(3550 mils, 6002 mils): Symbol U3 Vývod 2 [VOUT, Napájací výstup, Čiara]
[pin_to_pin]: Vývody typu Napájací výstup a Napájací výstup sú spojené
    ; error
    @(4724 mils, 2212 mils): Symbol #FLG01 Vývod 1 [Napájací výstup, Čiara]
    @(3796 mils, 2409 mils): Symbol U1 Vývod 3 [+12V, Napájací výstup, Čiara]
[pin_to_pin]: Vývody typu Napájací výstup a Napájací výstup sú spojené
    ; error
    @(4724 mils, 2906 mils): Symbol #FLG02 Vývod 1 [Napájací výstup, Čiara]
    @(3796 mils, 2709 mils): Symbol U1 Vývod 6 [GND, Napájací výstup, Čiara]
[pin_not_connected]: Pin not connected
    ; error
    @(5031 mils, 11017 mils): Symbol U11 Vývod 32 [NC, Pasívny, Čiara]
[label_dangling]: Label not connected
    ; error
    @(5118 mils, 2409 mils): Označenie '+12V'
[label_dangling]: Label not connected
    ; error
    @(5236 mils, 4209 mils): Označenie '+5V'
[wire_dangling]: Wires not connected to anything
    ; error
    @(5315 mils, 4628 mils): Zvislý, dĺžka 300 mils
    @(3600 mils, 4628 mils): Spoj, dĺžka 1715 mils
[pin_not_connected]: Pin not connected
    ; error
    @(5518 mils, 13880 mils): Symbol RLY1 Vývod 12 [NC1, Pasívny, Čiara]
[pin_not_connected]: Pin not connected
    ; error
    @(5518 mils, 14180 mils): Symbol RLY1 Vývod 21 [COM2, Pasívny, Čiara]
[pin_not_connected]: Pin not connected
    ; error
    @(5518 mils, 14280 mils): Symbol RLY1 Vývod 22 [NC2, Pasívny, Čiara]
[pin_not_connected]: Pin not connected
    ; error
    @(5518 mils, 14380 mils): Symbol RLY1 Vývod 24 [NO2, Pasívny, Čiara]
[pin_not_connected]: Pin not connected
    ; error
    @(8021 mils, 14367 mils): Symbol J9 Vývod 1 [Pin_1, Pasívny, Čiara]
[pin_not_connected]: Pin not connected
    ; error
    @(8118 mils, 7677 mils): Symbol P1 Vývod 2 [Shield, Pasívny, Čiara]
[pin_not_connected]: Pin not connected
    ; error
    @(8268 mils, 7527 mils): Symbol P1 Vývod 1 [Signal, Pasívny, Čiara]
[pin_not_connected]: Pin not connected
    ; error
    @(8540 mils, 7677 mils): Symbol R2 Vývod 1 [~, Pasívny, Čiara]
[power_pin_not_driven]: Input Power pin not driven by any Output Power pins
    ; error
    @(9393 mils, 5509 mils): Symbol U5 Vývod 1 [IN, Napájací vstup, Čiara]
[power_pin_not_driven]: Input Power pin not driven by any Output Power pins
    ; error
    @(9793 mils, 7830 mils): Symbol U6 Vývod 4 [V-, Napájací vstup, Čiara]
[pin_not_connected]: Pin not connected
    ; error
    @(10383 mils, 14367 mils): Symbol J10 Vývod 1 [Pin_1, Pasívny, Čiara]
[pin_not_connected]: Pin not connected
    ; error
    @(10430 mils, 7580 mils): Symbol R7 Vývod 1 [~, Pasívny, Čiara]
[pin_not_connected]: Pin not connected
    ; error
    @(10430 mils, 10336 mils): Symbol R14 Vývod 1 [~, Pasívny, Čiara]
[pin_not_connected]: Pin not connected
    ; error
    @(11643 mils, 7759 mils): Symbol C18 Vývod 1 [~, Pasívny, Čiara]
[label_dangling]: Label not connected
    ; error
    @(14644 mils, 7674 mils): Označenie 'SDA'
[pin_not_connected]: Pin not connected
    ; error
    @(14841 mils, 7559 mils): Symbol R16 Vývod 2 [~, Pasívny, Čiara]

 ** ERC messages: 42  Errors 42  Warnings 0

 ** Ignored checks:
    - Global label only appears once in the schematic
    - Four connection points are joined together
    - SPICE model issue
    - Assigned footprint doesn't match footprint filters
